ARM Linker, 4.1 [Build 791] [Standard]

==============================================================================

Section Cross References

    startup_stm32f4xx.o(STACK) refers (Special) to heapauxi.o(.text) for __use_two_region_memory
    startup_stm32f4xx.o(HEAP) refers (Special) to heapauxi.o(.text) for __use_two_region_memory
    startup_stm32f4xx.o(RESET) refers (Special) to heapauxi.o(.text) for __use_two_region_memory
    startup_stm32f4xx.o(RESET) refers to startup_stm32f4xx.o(STACK) for __initial_sp
    startup_stm32f4xx.o(RESET) refers to startup_stm32f4xx.o(.text) for Reset_Handler
    startup_stm32f4xx.o(RESET) refers to func_system.o(i.HardFault_Handler) for HardFault_Handler
    startup_stm32f4xx.o(RESET) refers to pub_main.o(i.SysTick_Handler) for SysTick_Handler
    startup_stm32f4xx.o(RESET) refers to pub_main.o(i.EXTI0_IRQHandler) for EXTI0_IRQHandler
    startup_stm32f4xx.o(RESET) refers to pub_main.o(i.EXTI1_IRQHandler) for EXTI1_IRQHandler
    startup_stm32f4xx.o(RESET) refers to stmecathw.o(i.EXTI2_IRQHandler) for EXTI2_IRQHandler
    startup_stm32f4xx.o(RESET) refers to stmecathw.o(i.EXTI4_IRQHandler) for EXTI4_IRQHandler
    startup_stm32f4xx.o(RESET) refers to pub_main.o(i.TIM2_IRQHandler) for TIM2_IRQHandler
    startup_stm32f4xx.o(RESET) refers to comm_modbusdrv.o(i.USART1_IRQHandler) for USART1_IRQHandler
    startup_stm32f4xx.o(RESET) refers to ect_pp.o(i.TIM7_IRQHandler) for TIM7_IRQHandler
    startup_stm32f4xx.o(.text) refers (Special) to heapauxi.o(.text) for __use_two_region_memory
    startup_stm32f4xx.o(.text) refers to pub_main.o(i.startB4main) for startB4main
    startup_stm32f4xx.o(.text) refers to __main.o(!!!main) for __main
    startup_stm32f4xx.o(.text) refers to startup_stm32f4xx.o(HEAP) for Heap_Mem
    startup_stm32f4xx.o(.text) refers to startup_stm32f4xx.o(STACK) for Stack_Mem
    stm32f4xx_adc.o(i.ADC_DeInit) refers to stm32f4xx_rcc.o(i.RCC_APB2PeriphResetCmd) for RCC_APB2PeriphResetCmd
    stm32f4xx_can.o(i.CAN_DeInit) refers to stm32f4xx_rcc.o(i.RCC_APB1PeriphResetCmd) for RCC_APB1PeriphResetCmd
    stm32f4xx_dac.o(i.DAC_DeInit) refers to stm32f4xx_rcc.o(i.RCC_APB1PeriphResetCmd) for RCC_APB1PeriphResetCmd
    stm32f4xx_dma2d.o(i.DMA2D_DeInit) refers to stm32f4xx_rcc.o(i.RCC_AHB1PeriphResetCmd) for RCC_AHB1PeriphResetCmd
    stm32f4xx_flash.o(i.FLASH_EraseAllBank1Sectors) refers to stm32f4xx_flash.o(i.FLASH_WaitForLastOperation) for FLASH_WaitForLastOperation
    stm32f4xx_flash.o(i.FLASH_EraseAllBank2Sectors) refers to stm32f4xx_flash.o(i.FLASH_WaitForLastOperation) for FLASH_WaitForLastOperation
    stm32f4xx_flash.o(i.FLASH_EraseAllSectors) refers to stm32f4xx_flash.o(i.FLASH_WaitForLastOperation) for FLASH_WaitForLastOperation
    stm32f4xx_flash.o(i.FLASH_EraseSector) refers to stm32f4xx_flash.o(i.FLASH_WaitForLastOperation) for FLASH_WaitForLastOperation
    stm32f4xx_flash.o(i.FLASH_OB_Launch) refers to stm32f4xx_flash.o(i.FLASH_WaitForLastOperation) for FLASH_WaitForLastOperation
    stm32f4xx_flash.o(i.FLASH_OB_PCROP1Config) refers to stm32f4xx_flash.o(i.FLASH_WaitForLastOperation) for FLASH_WaitForLastOperation
    stm32f4xx_flash.o(i.FLASH_OB_PCROPConfig) refers to stm32f4xx_flash.o(i.FLASH_WaitForLastOperation) for FLASH_WaitForLastOperation
    stm32f4xx_flash.o(i.FLASH_OB_RDPConfig) refers to stm32f4xx_flash.o(i.FLASH_WaitForLastOperation) for FLASH_WaitForLastOperation
    stm32f4xx_flash.o(i.FLASH_OB_UserConfig) refers to stm32f4xx_flash.o(i.FLASH_WaitForLastOperation) for FLASH_WaitForLastOperation
    stm32f4xx_flash.o(i.FLASH_OB_WRP1Config) refers to stm32f4xx_flash.o(i.FLASH_WaitForLastOperation) for FLASH_WaitForLastOperation
    stm32f4xx_flash.o(i.FLASH_OB_WRPConfig) refers to stm32f4xx_flash.o(i.FLASH_WaitForLastOperation) for FLASH_WaitForLastOperation
    stm32f4xx_flash.o(i.FLASH_ProgramByte) refers to stm32f4xx_flash.o(i.FLASH_WaitForLastOperation) for FLASH_WaitForLastOperation
    stm32f4xx_flash.o(i.FLASH_ProgramDoubleWord) refers to stm32f4xx_flash.o(i.FLASH_WaitForLastOperation) for FLASH_WaitForLastOperation
    stm32f4xx_flash.o(i.FLASH_ProgramHalfWord) refers to stm32f4xx_flash.o(i.FLASH_WaitForLastOperation) for FLASH_WaitForLastOperation
    stm32f4xx_flash.o(i.FLASH_ProgramWord) refers to stm32f4xx_flash.o(i.FLASH_WaitForLastOperation) for FLASH_WaitForLastOperation
    stm32f4xx_gpio.o(i.GPIO_DeInit) refers to stm32f4xx_rcc.o(i.RCC_AHB1PeriphResetCmd) for RCC_AHB1PeriphResetCmd
    stm32f4xx_i2c.o(i.I2C_DeInit) refers to stm32f4xx_rcc.o(i.RCC_APB1PeriphResetCmd) for RCC_APB1PeriphResetCmd
    stm32f4xx_i2c.o(i.I2C_Init) refers to stm32f4xx_rcc.o(i.RCC_GetClocksFreq) for RCC_GetClocksFreq
    stm32f4xx_ltdc.o(i.LTDC_DeInit) refers to stm32f4xx_rcc.o(i.RCC_APB2PeriphResetCmd) for RCC_APB2PeriphResetCmd
    stm32f4xx_pwr.o(i.PWR_DeInit) refers to stm32f4xx_rcc.o(i.RCC_APB1PeriphResetCmd) for RCC_APB1PeriphResetCmd
    stm32f4xx_rcc.o(i.RCC_GetClocksFreq) refers to stm32f4xx_rcc.o(.data) for .data
[...]
    0x08014688   0x00000050   Code   RO         8392    i.Comm_Rcv_Para_Init  comm_modbusdrv.o
    0x080146d8   0x00000028   Code   RO         5414    i.CompensatePwmPeriod  mtr_fpgasync.o
    0x08014700   0x000000b8   Code   RO         7823    i.CopyMotorPara     func_motorpara.o
    0x080147b8   0x0000003c   Code   RO         4426    i.CosCal            pub_table.o
    0x080147f4   0x00000138   Code   RO         7334    i.CtrlDCBusVoltBrake_Monitor  func_monitor_dcbusvolt.o
    0x0801492c   0x00000330   Code   RO         6518    i.CurLineIntpltInit  func_curve.o
    0x08014c5c   0x0000017c   Code   RO         6519    i.CurveDataUp       func_curve.o
    0x08014dd8   0x000001bc   Code   RO         6520    i.CurveHandle       func_curve.o
    0x08014f94   0x0000008c   Code   RO         6521    i.CurveInit         func_curve.o
    0x08015020   0x00000014   Code   RO         6522    i.CurveReset        func_curve.o
    0x08015034   0x00000028   Code   RO         6524    i.CurveStopDataUp   func_curve.o
    0x0801505c   0x00000018   Code   RO          677    i.DBGMCU_APB1PeriphConfig  stm32f4xx_dbgmcu.o
    0x08015074   0x00000018   Code   RO          678    i.DBGMCU_APB2PeriphConfig  stm32f4xx_dbgmcu.o
    0x0801508c   0x00000018   Code   RO          679    i.DBGMCU_Config     stm32f4xx_dbgmcu.o
    0x080150a4   0x000001a4   Code   RO         7335    i.DCBusVoltBrake_Monitor  func_monitor_dcbusvolt.o
    0x08015248   0x000000b8   Code   RO         7336    i.DCBusVoltErr_Monitor  func_monitor_dcbusvolt.o
    0x08015300   0x000000c0   Code   RO        10009    i.DC_CheckWatchdog  ecatslv.o
    0x080153c0   0x0000003c   Code   RO         7730    i.DELAY_US          func_i2cdriver_st.o
    0x080153fc   0x0000002c   Code   RO          957    i.DMA_ClearITPendingBit  stm32f4xx_dma.o
    0x08015428   0x00000012   Code   RO          958    i.DMA_Cmd           stm32f4xx_dma.o
    0x0801543a   0x00000002   PAD
    0x0801543c   0x00000184   Code   RO          959    i.DMA_DeInit        stm32f4xx_dma.o
    0x080155c0   0x00000010   Code   RO          963    i.DMA_GetCmdStatus  stm32f4xx_dma.o
    0x080155d0   0x00000078   Code   RO          970    i.DMA_Init          stm32f4xx_dma.o
    0x08015648   0x00000184   Code   RO         7337    i.DcBusVolt_SoftStart  func_monitor_dcbusvolt.o
    0x080157cc   0x00000248   Code   RO         6868    i.DealDiFromGpio    func_dido.o
    0x08015a14   0x000000d8   Code   RO         7606    i.DealDriverPara    func_driverpara.o
    0x08015aec   0x00000184   Code   RO         7824    i.DealMotorPara     func_motorpara.o
    0x08015c70   0x000000c4   Code   RO         6951    i.DealVirDi         func_virtualdido.o
    0x08015d34   0x000001b0   Code   RO         7978    i.DecDisplay        func_paneldisplay.o
    0x08015ee4   0x00000190   Code   RO         7979    i.DefaultDispH0B    func_paneldisplay.o
    0x08016074   0x000001a0   Code   RO         6869    i.DiAllocateError   func_dido.o
    0x08016214   0x00000318   Code   RO         6870    i.DiDoStateStopUpdata  func_dido.o
    0x0801652c   0x00000308   Code   RO         6871    i.DiProcess         func_dido.o
    0x08016834   0x00000084   Code   RO         7980    i.DispDecCoder      func_paneldisplay.o
    0x080168b8   0x000000a0   Code   RO         6872    i.DoAllocateError   func_dido.o
    0x08016958   0x00000b14   Code   RO         6129    i.DoHoming          func_home.o
    0x0801746c   0x0000041c   Code   RO         6873    i.DoProcess         func_dido.o
    0x08017888   0x00000084   Code   RO         6629    i.DoublePosFeedbackCal  func_fullcloseloop.o
    0x0801790c   0x000001a8   Code   RO        10010    i.ECAT_DlStatus     ecatslv.o
    0x08017ab4   0x000000f8   Code   RO        10506    i.ECAT_HW_Init      stmecathw.o
    0x08017bac   0x00000090   Code   RO        10011    i.ECAT_Init         ecatslv.o
    0x08017c3c   0x0000011c   Code   RO        10012    i.ECAT_Main         ecatslv.o
    0x08017d58   0x0000005c   Code   RO         9217    i.ECTCSPMaxSpeedUpdate  ect_csp.o
    0x08017db4   0x00000194   Code   RO         9218    i.ECTCSPPosCmd      ect_csp.o
    0x08017f48   0x00000028   Code   RO         9219    i.ECTCSPUpdata      ect_csp.o
    0x08017f70   0x00000018   Code   RO         6317    i.ECTInteruptPosUpdate  func_posctrl.o
    0x08017f88   0x00000048   Code   RO         8469    i.ECTInteruptSpdShow  canopen_pv.o
    0x08017fd0   0x0000003c   Code   RO         9168    i.ECTInteruptToqUpdate  ect_pt.o
    0x0801800c   0x00000012   Code   RO         9068    i.ECTInteruptUpdate  ect_esmdisplay.o
    0x0801801e   0x00000002   PAD
    0x08018020   0x00000240   Code   RO         7117    i.ECTModeSelect     func_modeselect.o
    0x08018260   0x0000010c   Code   RO         8470    i.ECTPVAccLmt       canopen_pv.o
    0x0801836c   0x000001d0   Code   RO         6318    i.ECTPosShow        func_posctrl.o
    0x0801853c   0x0000003c   Code   RO         9170    i.ECTToqShow        ect_pt.o
    0x08018578   0x00000188   Code   RO         9069    i.ESMStateMonitor   ect_esmdisplay.o
    0x08018700   0x000000ac   Code   RO         4307    i.EXTI0_IRQHandler  pub_main.o
    0x080187ac   0x0000005c   Code   RO         4308    i.EXTI1_IRQHandler  pub_main.o
    0x08018808   0x00000068   Code   RO        10507    i.EXTI2_IRQHandler  stmecathw.o
    0x08018870   0x00000048   Code   RO        10508    i.EXTI4_IRQHandler  stmecathw.o
    0x080188b8   0x0000000c   Code   RO         1085    i.EXTI_ClearITPendingBit  stm32f4xx_exti.o
    0x080188c4   0x00000014   Code   RO         1089    i.EXTI_GetITStatus  stm32f4xx_exti.o
    0x080188d8   0x00000090   Code   RO         1090    i.EXTI_Init         stm32f4xx_exti.o
    0x08018968   0x00000028   Code   RO         9869    i.EcatAppl_Init     ecatuserappl.o
    0x08018990   0x00000080   Code   RO        10393    i.EcatMainLoop      ecatappl.o
    0x08018a10   0x000002ec   Code   RO         7855    i.EepromProcess     func_opereeprom.o
    0x08018cfc   0x00000048   Code   RO         7856    i.EepromRwWatchDog  func_opereeprom.o
    0x08018d44   0x0000012c   Code   RO         8273    i.ElcLabelDeal      func_elclabel.o
    0x08018e70   0x0000016c   Code   RO         6092    i.EleGearGetValue   func_elegear.o
    0x08018fdc   0x000000fc   Code   RO         6093    i.EleGearInit       func_elegear.o
    0x080190d8   0x00000036   Code   RO         6094    i.EleGearRatioCalc  func_elegear.o
    0x0801910e   0x00000002   PAD
    0x08019110   0x00000108   Code   RO         6095    i.EleGearRatioErrCheck  func_elegear.o
    0x08019218   0x00000420   Code   RO         6837    i.ErrProcess_MaimLoop  func_servoerror.o
    0x08019638   0x000005e4   Code   RO         4767    i.FPGA_InitCurSpdCtrlData  mtr_fpgainterface.o
    0x08019c1c   0x000000d0   Code   RO         4768    i.FPGA_InitIfbOffset  mtr_fpgainterface.o
    0x08019cec   0x000000d4   Code   RO         4769    i.FPGA_IsFPGARdy    mtr_fpgainterface.o
    0x08019dc0   0x000006c0   Code   RO         5377    i.FPGA_PostErr      mtr_postfpgaerr.o
    0x0801a480   0x00000170   Code   RO         4770    i.FPGA_UToVCoff     mtr_fpgainterface.o
    0x0801a5f0   0x00000134   Code   RO         7556    i.FSASendCtrl       func_fsaspeedcmd.o
    0x0801a724   0x0000001c   Code   RO         5730    i.FUNC_AdcStart_ToqInterrupt  func_system.o
    0x0801a740   0x000000d4   Code   RO         5731    i.FUNC_AuxFunc_ToqInterrupt  func_system.o
    0x0801a814   0x00000120   Code   RO         5732    i.FUNC_CmdProcess_ToqInterrupt  func_system.o
    0x0801a934   0x00000038   Code   RO         5733    i.FUNC_InitAndEnableWatchDog  func_system.o
    0x0801a96c   0x000000b0   Code   RO         5610    i.FUNC_Interrupt16kHz_InterfaceDeal  func_interfaceprocess.o
    0x0801aa1c   0x00000002   Code   RO         5734    i.FUNC_Interrupt_RST  func_system.o
    0x0801aa1e   0x00000002   PAD
    0x0801aa20   0x000003b4   Code   RO         5735    i.FUNC_MainLoop     func_system.o
    0x0801add4   0x000000dc   Code   RO         5736    i.FUNC_Parameter_Frist_RST  func_system.o
    0x0801aeb0   0x0000005c   Code   RO         5737    i.FUNC_Parameter_Second_RST  func_system.o
    0x0801af0c   0x0000001a   Code   RO         5738    i.FUNC_PeripheralConfig_RST  func_system.o
    0x0801af26   0x00000002   PAD
    0x0801af28   0x00000158   Code   RO         5739    i.FUNC_PostionControl_PosInterrupt  func_system.o
    0x0801b080   0x0000003c   Code   RO         5740    i.FUNC_System_AuxInterrupt  func_system.o
    0x0801b0bc   0x000000f8   Code   RO         8910    i.FactorUpdate      canopen_pub.o
    0x0801b1b4   0x00000270   Code   RO         7503    i.FftCal            func_fft.o
    0x0801b424   0x00000054   Code   RO         7504    i.FftInit           func_fft.o
    0x0801b478   0x000004f4   Code   RO         7505    i.FftProcess        func_fft.o
    0x0801b96c   0x000000a0   Code   RO         7506    i.FftSample         func_fft.o
    0x0801ba0c   0x00000014   Code   RO         7507    i.FftStopUpdate     func_fft.o
    0x0801ba20   0x00000028   Code   RO         7508    i.FftUpdate         func_fft.o
    0x0801ba48   0x00000080   Code   RO         7627    i.FindFunCodeGroupOffset  func_funcode.o
    0x0801bac8   0x00000160   Code   RO         9070    i.FpgaSyncModeConfigAndCheck_ToqInt  ect_esmdisplay.o
    0x0801bc28   0x000003d4   Code   RO         5551    i.FricProcess       mtr_inerfriciden.o
    0x0801bffc   0x00000080   Code   RO         5552    i.FricRest          mtr_inerfriciden.o
    0x0801c07c   0x00000034   Code   RO         5553    i.FricUpdate        mtr_inerfriciden.o
    0x0801c0b0   0x0000009c   Code   RO         7476    i.Fric_CoffCal      func_fricidentify.o
    0x0801c14c   0x000003b0   Code   RO         7477    i.Fric_Iden         func_fricidentify.o
    0x0801c4fc   0x0000013c   Code   RO         6630    i.FullCloseLoopErrorCheck  func_fullcloseloop.o
    0x0801c638   0x00000080   Code   RO         6631    i.FullCloseLoopInit  func_fullcloseloop.o
    0x0801c6b8   0x0000010c   Code   RO         6632    i.FullCloseLoopModeSet  func_fullcloseloop.o
    0x0801c7c4   0x00000044   Code   RO         6633    i.FullCloseParaDisp  func_fullcloseloop.o
    0x0801c808   0x0000006c   Code   RO         6634    i.FullCloseParaRst  func_fullcloseloop.o
    0x0801c874   0x000000b8   Code   RO         5230    i.FunCodeSaveInAbsRomInit  mtr_absromoper.o
    0x0801c92c   0x00000082   Code   RO         1529    i.GPIO_Init         stm32f4xx_gpio.o
    0x0801c9ae   0x00000022   Code   RO         1530    i.GPIO_PinAFConfig  stm32f4xx_gpio.o
    0x0801c9d0   0x0000000e   Code   RO         1533    i.GPIO_ReadInputDataBit  stm32f4xx_gpio.o
    0x0801c9de   0x00000002   PAD
    0x0801c9e0   0x0000010c   Code   RO         8310    i.G_COMM_ModbusSchedual  comm_modbus.o
    0x0801caec   0x0000012c   Code   RO         5579    i.G_FUNC_MTRGetList_16kHz  func_mtrinterface.o
    0x0801cc18   0x00000018   Code   RO         5580    i.G_FUNC_MTRGetList_4Hz_32Bits  func_mtrinterface.o
    0x0801cc30   0x00000014   Code   RO         4492    i.G_MTR_FUNCGetFSAList_16kHz  mtr_funcinterface.o
    0x0801cc44   0x0000001c   Code   RO         4493    i.G_MTR_FUNCGetInitList  mtr_funcinterface.o
    0x0801cc60   0x000000a4   Code   RO         4494    i.G_MTR_FUNCGetList_16kHz  mtr_funcinterface.o
    0x0801cd04   0x00000024   Code   RO         4495    i.G_MTR_FUNCGetList_1kHz  mtr_funcinterface.o
    0x0801cd28   0x00000584   Code   RO         6579    i.GainAutoTuneProcess  func_gainregindicatrix.o
    0x0801d2ac   0x000000d4   Code   RO         6580    i.GainParamSet      func_gainregindicatrix.o
    0x0801d380   0x000002f4   Code   RO         6060    i.GainSwitching     func_gainswitching.o
    0x0801d674   0x00000250   Code   RO         6061    i.GainSwitchingUpdate  func_gainswitching.o
    0x0801d8c4   0x000001a4   Code   RO         7557    i.GenerateFSASpdCmd  func_fsaspeedcmd.o
    0x0801da68   0x00000070   Code   RO         8723    i.GetComValue       canopen_odt.o
    0x0801dad8   0x00000320   Code   RO         9171    i.GetECTPTRef       ect_pt.o
    0x0801ddf8   0x00000014   Code   RO         5415    i.GetEcatActive     mtr_fpgasync.o
    0x0801de0c   0x000003e8   Code   RO         4771    i.GetFPGAParam      mtr_fpgainterface.o
    0x0801e1f4   0x00000074   Code   RO         7246    i.GetIPM_4Hz_Temperature  func_monitor_temperature.o
    0x0801e268   0x000003e0   Code   RO         4915    i.GetIqRef          mtr_getiqref.o
    0x0801e648   0x00000070   Code   RO         4916    i.GetIqRefStopUpdate  mtr_getiqref.o
    0x0801e6b8   0x00000288   Code   RO         4917    i.GetIqRefUpdate    mtr_getiqref.o
    0x0801e940   0x0000016c   Code   RO         8724    i.GetODFunCodeOffset  canopen_odt.o
    0x0801eaac   0x0000000c   Code   RO         8393    i.GetSciStatus      comm_modbusdrv.o
    0x0801eab8   0x00000714   Code   RO         5979    i.GetSpdRef         func_spdctrl.o
    0x0801f1cc   0x00000012   Code   RO        10014    i.GetStationAdd     ecatslv.o
    0x0801f1de   0x00000002   PAD
    0x0801f1e0   0x000000b0   Code   RO         8088    i.GetStepNumber     func_panelkeyfunarray.o
    0x0801f290   0x0000001c   Code   RO         5416    i.GetSyncLength     mtr_fpgasync.o
    0x0801f2ac   0x00000020   Code   RO         6838    i.GetWarningFlag    func_servoerror.o
    0x0801f2cc   0x00000084   Code   RO         7280    i.Get_ADC_ChannelValueAIUdc_16k  func_adcdriver_st.o
    0x0801f350   0x00000034   Code   RO         7281    i.Get_ADC_ChannelValueIPM_1k  func_adcdriver_st.o
    0x0801f384   0x00000034   Code   RO         7282    i.Get_ADC_ChannelValuePwr_1k  func_adcdriver_st.o
    0x0801f3b8   0x0000006c   Code   RO         6062    i.GnFirToSec        func_gainswitching.o
    0x0801f424   0x000000b0   Code   RO         6063    i.GnSecToFir        func_gainswitching.o
    0x0801f4d4   0x00000084   Code   RO         5231    i.HC2ndAbsRom_ClcErrAndMultiTurn  mtr_absromoper.o
    0x0801f558   0x000000d0   Code   RO         5232    i.HCAbsEnc_SaveThetaOffset  mtr_absromoper.o
    0x0801f628   0x0000037c   Code   RO         5233    i.HCAbsRom_InitDeal  mtr_absromoper.o
    0x0801f9a4   0x000000b8   Code   RO         5056    i.HDHAbsEnc_SaveThetaOffset  mtr_hdh_absromoper.o
    0x0801fa5c   0x0000008c   Code   RO         5057    i.HDHAbsReadErrReg  mtr_hdh_absromoper.o
    0x0801fae8   0x00000194   Code   RO         5058    i.HDHAbsReset       mtr_hdh_absromoper.o
    0x0801fc7c   0x0000004c   Code   RO         5059    i.HDHAbsResetAndMultiTurn  mtr_hdh_absromoper.o
    0x0801fcc8   0x000001a0   Code   RO         5060    i.HDHAbsRomProcess  mtr_hdh_absromoper.o
    0x0801fe68   0x000001c8   Code   RO         5061    i.HDHAbsRom_EncState  mtr_hdh_absromoper.o
    0x08020030   0x00000040   Code   RO         5062    i.HDHAbsRom_GetComStatus  mtr_hdh_absromoper.o
    0x08020070   0x00000270   Code   RO         5063    i.HDHAbsRom_InitDeal  mtr_hdh_absromoper.o
    0x080202e0   0x0000016c   Code   RO         5064    i.HDHAbsRom_ReadByte  mtr_hdh_absromoper.o
    0x0802044c   0x0000015c   Code   RO         5065    i.HDHAbsRom_WriteByte  mtr_hdh_absromoper.o
    0x080205a8   0x00000032   Code   RO        10286    i.HW_DisableSyncManChannel  ecathw.o
    0x080205da   0x00000030   Code   RO        10287    i.HW_EnableSyncManChannel  ecathw.o
    0x0802060a   0x00000014   Code   RO        10288    i.HW_GetALEventRegister  ecathw.o
    0x0802061e   0x00000002   PAD
    0x08020620   0x0000001c   Code   RO        10289    i.HW_GetSyncMan     ecathw.o
    0x0802063c   0x0000009c   Code   RO        10290    i.HW_Init           ecathw.o
    0x080206d8   0x00000048   Code   RO        10291    i.HW_ResetALEventMask  ecathw.o
    0x08020720   0x00000048   Code   RO        10292    i.HW_SetALEventMask  ecathw.o
    0x08020768   0x000000a8   Code   RO         5741    i.HardFault_Handler  func_system.o
    0x08020810   0x00000154   Code   RO         7981    i.HexDisplay        func_paneldisplay.o
    0x08020964   0x00000110   Code   RO         6130    i.HomParaUpdateRealTim  func_home.o
    0x08020a74   0x00000188   Code   RO         8618    i.HomingClearPos    canopen_home.o
    0x08020bfc   0x0000029c   Code   RO         8619    i.HomingHandle      canopen_home.o
    0x08020e98   0x0000006c   Code   RO         6131    i.HomingInitOnce    func_home.o
    0x08020f04   0x00000198   Code   RO         6132    i.HomingLowSpeedSearchEnd  func_home.o
    0x0802109c   0x0000000c   Code   RO         6133    i.HomingPosCmd      func_home.o
    0x080210a8   0x00000014   Code   RO         6134    i.HomingReset       func_home.o
    0x080210bc   0x00000038   Code   RO         8620    i.HomingSpeedInit   canopen_home.o
    0x080210f4   0x00000150   Code   RO         6135    i.HomingStopUpdate  func_home.o
    0x08021244   0x00000a14   Code   RO         8621    i.HomingSwtichHandle  canopen_home.o
    0x08021c58   0x0000001a   Code   RO         1630    i.I2C_CheckEvent    stm32f4xx_i2c.o
    0x08021c72   0x00000006   Code   RO         1631    i.I2C_ClearFlag     stm32f4xx_i2c.o
    0x08021c78   0x00000012   Code   RO         1633    i.I2C_Cmd           stm32f4xx_i2c.o
    0x08021c8a   0x00000012   Code   RO         1634    i.I2C_DMACmd        stm32f4xx_i2c.o
    0x08021c9c   0x00000012   Code   RO         1635    i.I2C_DMALastTransferCmd  stm32f4xx_i2c.o
    0x08021cae   0x00000012   Code   RO         1641    i.I2C_GenerateSTART  stm32f4xx_i2c.o
    0x08021cc0   0x00000012   Code   RO         1642    i.I2C_GenerateSTOP  stm32f4xx_i2c.o
    0x08021cd2   0x0000001c   Code   RO         1643    i.I2C_GetFlagStatus  stm32f4xx_i2c.o
    0x08021cee   0x00000002   PAD
    0x08021cf0   0x000000c4   Code   RO         1648    i.I2C_Init          stm32f4xx_i2c.o
    0x08021db4   0x00000004   Code   RO         1652    i.I2C_ReadRegister  stm32f4xx_i2c.o
    0x08021db8   0x00000010   Code   RO         1655    i.I2C_Send7bitAddress  stm32f4xx_i2c.o
    0x08021dc8   0x00000004   Code   RO         1656    i.I2C_SendData      stm32f4xx_i2c.o
    0x08021dcc   0x00000012   Code   RO         1657    i.I2C_SoftwareResetCmd  stm32f4xx_i2c.o
    0x08021dde   0x00000002   PAD
    0x08021de0   0x00000190   Code   RO         7732    i.I2cDealBeforeInit  func_i2cdriver_st.o
    0x08021f70   0x000000dc   Code   RO         7734    i.I2cReceiveLastByte  func_i2cdriver_st.o
    0x0802204c   0x00000490   Code   RO         7735    i.I2cRwDeal         func_i2cdriver_st.o
    0x080224dc   0x0000008c   Code   RO         7338    i.INT_16K_DCBusBrkProcess  func_monitor_dcbusvolt.o
    0x08022568   0x00000138   Code   RO         8825    i.ImmedModeIntpltInit  canopen_pp.o
    0x080226a0   0x0000002e   Code   RO         8911    i.IncpUnit2UserPosUnit  canopen_pub.o
    0x080226ce   0x00000002   PAD
    0x080226d0   0x00000064   Code   RO         6581    i.IndicatrixDataUp  func_gainregindicatrix.o
    0x08022734   0x00000038   Code   RO         6582    i.IndicatrixStopUpData  func_gainregindicatrix.o
    0x0802276c   0x0000043a   Code   RO         7283    i.InitAdc           func_adcdriver_st.o
    0x08022ba6   0x00000002   PAD
    0x08022ba8   0x000000e8   Code   RO         8826    i.InitCanopenPPMode  canopen_pp.o
    0x08022c90   0x0000003c   Code   RO         8471    i.InitCanopenPVMode  canopen_pv.o
    0x08022ccc   0x00000140   Code   RO         7339    i.InitDCBusVoltProcess  func_monitor_dcbusvolt.o
    0x08022e0c   0x0000023c   Code   RO         6874    i.InitDiDoState     func_dido.o
    0x08023048   0x000000c4   Code   RO         6875    i.InitDiFuncAndLogic  func_dido.o
    0x0802310c   0x00000028   Code   RO         9220    i.InitECTCSP        ect_csp.o
    0x08023134   0x000000e0   Code   RO         7737    i.InitEepromLowLevel  func_i2cdriver_st.o
    0x08023214   0x00000044   Code   RO         8274    i.InitElcLabel      func_elclabel.o
    0x08023258   0x00000b7c   Code   RO         4772    i.InitFPGA          mtr_fpgainterface.o
    0x08023dd4   0x00000100   Code   RO         5704    i.InitFUNC_GPIO     func_gpiodriver.o
    0x08023ed4   0x00000710   Code   RO         7628    i.InitFunCode       func_funcode.o
    0x080245e4   0x0000028c   Code   RO         4918    i.InitGetIqRef      mtr_getiqref.o
    0x08024870   0x00000004   Code   RO         7857    i.InitI2c           func_opereeprom.o
    0x08024874   0x00000084   Code   RO         7738    i.InitI2c_ST        func_i2cdriver_st.o
    0x080248f8   0x00000140   Code   RO         4919    i.InitIqLmtValue    mtr_getiqref.o
    0x08024a38   0x00000032   Code   RO         5631    i.InitLowPassFilter  func_filter.o
    0x08024a6a   0x00000002   PAD
    0x08024a6c   0x00000550   Code   RO         4597    i.InitMTR_GPIO      mtr_gpiodriver_st.o
    0x08024fbc   0x00000050   Code   RO         6725    i.InitMonitorHardWare  func_servomonitor.o
    0x0802500c   0x00000094   Code   RO         7138    i.InitMotorOverLoadProc  func_motoroverload.o
    0x080250a0   0x00000120   Code   RO         7188    i.InitOverLoadProtect  func_monitor_overloadprotect.o
    0x080251c0   0x00000010   Code   RO         7395    i.InitPL_Process    func_monitor_phaselack.o
    0x080251d0   0x00000024   Code   RO         5418    i.InitPeriodCtrlReg  mtr_fpgasync.o
    0x080251f4   0x000001f0   Code   RO         6319    i.InitPosCtrl       func_posctrl.o
    0x080253e4   0x00000014   Code   RO         6277    i.InitPosLowPassFilter  func_poscmdfilter.o
    0x080253f8   0x00000094   Code   RO         6409    i.InitPosRegu       func_posregulator.o
    0x0802548c   0x00000110   Code   RO         5980    i.InitSpdCtrl       func_spdctrl.o
    0x0802559c   0x0000033c   Code   RO         5002    i.InitSpdRegulator  mtr_spdregulator.o
    0x080258d8   0x000002dc   Code   RO         7003    i.InitSpi           func_spidriver_st.o
    0x08025bb4   0x00000104   Code   RO         7247    i.InitTemperatureProcess  func_monitor_temperature.o
    0x08025cb8   0x0000010c   Code   RO         7080    i.InitTim3          func_aodriver_st.o
    0x08025dc4   0x00000074   Code   RO         9113    i.InitTim7          ect_pp.o
    0x08025e38   0x00000002   Code   RO         9114    i.InitTim7IRQ       ect_pp.o
    0x08025e3a   0x00000002   PAD
    0x08025e3c   0x0000012c   Code   RO         6952    i.InitVirDiFuncAndLogic  func_virtualdido.o
    0x08025f68   0x00000108   Code   RO         6953    i.InitVirDoFuncAndLogic  func_virtualdido.o
    0x08026070   0x0000006c   Code   RO         5378    i.Init_FPGAInterrupt  mtr_postfpgaerr.o
    0x080260dc   0x0000010c   Code   RO         5484    i.Init_OnLineInertiaIdy  mtr_inertiaidy.o
    0x080261e8   0x000001d8   Code   RO         4920    i.IqLmtFun          mtr_getiqref.o
    0x080263c0   0x00000004   Code   RO         4921    i.IqLmtUpdateFun    mtr_getiqref.o
    0x080263c4   0x00000100   Code   RO         6525    i.JogCmdGenerator   func_curve.o
    0x080264c4   0x0000006c   Code   RO         8089    i.KeyDownFun1st     func_panelkeyfunarray.o
    0x08026530   0x00000198   Code   RO         8090    i.KeyDownFun2nd     func_panelkeyfunarray.o
    0x080266c8   0x00000114   Code   RO         8091    i.KeyDownFun3rd     func_panelkeyfunarray.o
    0x080267dc   0x00000024   Code   RO         8092    i.KeyDownFun4th     func_panelkeyfunarray.o
    0x08026800   0x00000050   Code   RO         8093    i.KeyLongSetFun6th  func_panelkeyfunarray.o
    0x08026850   0x000000b0   Code   RO         8094    i.KeyLongShiftFun3rd  func_panelkeyfunarray.o
    0x08026900   0x00000098   Code   RO         8095    i.KeyLongShiftFunZero  func_panelkeyfunarray.o
    0x08026998   0x0000001a   Code   RO         8096    i.KeyModeFun1st     func_panelkeyfunarray.o
    0x080269b2   0x00000002   PAD
    0x080269b4   0x00000028   Code   RO         8097    i.KeyModeFun2nd     func_panelkeyfunarray.o
    0x080269dc   0x00000030   Code   RO         8098    i.KeyModeFun3rd     func_panelkeyfunarray.o
    0x08026a0c   0x00000018   Code   RO         8099    i.KeyModeFun4th     func_panelkeyfunarray.o
    0x08026a24   0x00000024   Code   RO         8100    i.KeyModeFun5th     func_panelkeyfunarray.o
    0x08026a48   0x0000002c   Code   RO         8101    i.KeyModeFun6th     func_panelkeyfunarray.o
    0x08026a74   0x00000024   Code   RO         8102    i.KeyModeFun7th     func_panelkeyfunarray.o
    0x08026a98   0x00000018   Code   RO         8103    i.KeyModeFunZero    func_panelkeyfunarray.o
    0x08026ab0   0x00000028   Code   RO         8104    i.KeySetFun1st      func_panelkeyfunarray.o
    0x08026ad8   0x000002dc   Code   RO         8105    i.KeySetFun2nd      func_panelkeyfunarray.o
    0x08026db4   0x000002ec   Code   RO         8106    i.KeySetFun3rd      func_panelkeyfunarray.o
    0x080270a0   0x00000018   Code   RO         8107    i.KeySetFun4th      func_panelkeyfunarray.o
    0x080270b8   0x00000038   Code   RO         8108    i.KeyShiftFun1st    func_panelkeyfunarray.o
    0x080270f0   0x00000038   Code   RO         8109    i.KeyShiftFun2nd    func_panelkeyfunarray.o
    0x08027128   0x0000024c   Code   RO         8110    i.KeyShiftFun3rd    func_panelkeyfunarray.o
    0x08027374   0x00000024   Code   RO         8111    i.KeyShiftFun4th    func_panelkeyfunarray.o
    0x08027398   0x0000006c   Code   RO         8112    i.KeyUpFun1st       func_panelkeyfunarray.o
    0x08027404   0x00000188   Code   RO         8113    i.KeyUpFun2nd       func_panelkeyfunarray.o
    0x0802758c   0x000000fc   Code   RO         8114    i.KeyUpFun3rd       func_panelkeyfunarray.o
    0x08027688   0x00000024   Code   RO         8115    i.KeyUpFun4th       func_panelkeyfunarray.o
    0x080276ac   0x000001dc   Code   RO         7436    i.KiTuneStepFunc    func_torqpitune.o
    0x08027888   0x00000230   Code   RO         7437    i.KpTuneStepFunc    func_torqpitune.o
    0x08027ab8   0x000000d0   Code   RO         8725    i.LimitCheck        canopen_odt.o
    0x08027b88   0x0000006c   Code   RO         7703    i.LimitCheck_0neWord  func_funcodedefault.o
    0x08027bf4   0x00000088   Code   RO         7704    i.LimitCheck_TwoWords  func_funcodedefault.o
    0x08027c7c   0x00000308   Code   RO         6201    i.LineIntplt        func_lineinterplt.o
    0x08027f84   0x00000410   Code   RO         6202    i.LineIntpltInit    func_lineinterplt.o
    0x08028394   0x00000012   Code   RO         6203    i.LineIntpltReset   func_lineinterplt.o
    0x080283a6   0x00000002   PAD
    0x080283a8   0x000000ac   Code   RO         7340    i.LineVolt_Monitor  func_monitor_dcbusvolt.o
    0x08028454   0x0000019c   Code   RO         6410    i.LowOscSelfCal     func_posregulator.o
    0x080285f0   0x0000006e   Code   RO         5632    i.LowPassFilter     func_filter.o
    0x0802865e   0x00000002   PAD
    0x08028660   0x00000114   Code   RO         9754    i.MBX_CheckAndCopyMailbox  mailbox.o
    0x08028774   0x000000b8   Code   RO         9755    i.MBX_CopyToSendMailbox  mailbox.o
    0x0802882c   0x00000070   Code   RO         9756    i.MBX_Init          mailbox.o
    0x0802889c   0x00000070   Code   RO         9757    i.MBX_MailboxReadInd  mailbox.o
    0x0802890c   0x00000040   Code   RO         9758    i.MBX_MailboxRepeatReq  mailbox.o
    0x0802894c   0x00000094   Code   RO         9759    i.MBX_MailboxSendReq  mailbox.o
    0x080289e0   0x00000078   Code   RO         9761    i.MBX_Main          mailbox.o
    0x08028a58   0x00000048   Code   RO         9762    i.MBX_StartMailboxHandler  mailbox.o
    0x08028aa0   0x000000dc   Code   RO         9763    i.MBX_StopMailboxHandler  mailbox.o
    0x08028b7c   0x00000020   Code   RO         8517    i.MCZindex          canopen_devicectrl.o
    0x08028b9c   0x00000078   Code   RO         8518    i.MCZindexClear     canopen_devicectrl.o
    0x08028c14   0x000000f4   Code   RO         7189    i.MTOffLine_1k_Monitor  func_monitor_overloadprotect.o
    0x08028d08   0x0000008c   Code   RO         4635    i.MTR_GetPara_ToqInterrupt  mtr_system.o
    0x08028d94   0x000000c0   Code   RO         4557    i.MTR_InitNewLowPassFilt  mtr_global_filter.o
    0x08028e54   0x000000a0   Code   RO         4636    i.MTR_Interrupt_RST  mtr_system.o
    0x08028ef4   0x000000a4   Code   RO         4637    i.MTR_MainLoop      mtr_system.o
    0x08028f98   0x00000070   Code   RO         4558    i.MTR_NewLowPassFiltCalc  mtr_global_filter.o
    0x08029008   0x0000020c   Code   RO         4559    i.MTR_NewNotchFilterInit  mtr_global_filter.o
    0x08029214   0x00000120   Code   RO         4560    i.MTR_NotchFilter   mtr_global_filter.o
    0x08029334   0x00000084   Code   RO         4638    i.MTR_Parameter_Frist_RST  mtr_system.o
    0x080293b8   0x00000002   Code   RO         4639    i.MTR_Parameter_Second_RST  mtr_system.o
    0x080293ba   0x00000002   PAD
    0x080293bc   0x00000020   Code   RO         4640    i.MTR_PeripheralConfig_RST  mtr_system.o
    0x080293dc   0x00000004   Code   RO         4641    i.MTR_PostionControl_PosInterrupt  mtr_system.o
    0x080293e0   0x000002e4   Code   RO         4642    i.MTR_ReguControl_ToqInterrupt  mtr_system.o
    0x080296c4   0x0000001c   Code   RO        10394    i.MainInit          ecatappl.o
    0x080296e0   0x0000030c   Code   RO         4773    i.MainLoopFPGAUpdate  mtr_fpgainterface.o
    0x080299ec   0x0000002c   Code   RO         4774    i.MainLoopStopUpdateFPGA  mtr_fpgainterface.o
    0x08029a18   0x0000003c   Code   RO         6465    i.MaxPulsFreqSet    func_pulse.o
    0x08029a54   0x00000a48   Code   RO         7118    i.ModSelect         func_modeselect.o
    0x0802a49c   0x0000005c   Code   RO         8311    i.ModbusCrcCalc     comm_modbus.o
    0x0802a4f8   0x000001ac   Code   RO         8312    i.ModbusDealRcvData  comm_modbus.o
    0x0802a6a4   0x00000128   Code   RO         8313    i.ModbusErrCheck    comm_modbus.o
    0x0802a7cc   0x00000170   Code   RO         8314    i.ModbusErrPacket   comm_modbus.o
    0x0802a93c   0x000001bc   Code   RO         8315    i.ModbusOkPacket    comm_modbus.o
    0x0802aaf8   0x00000148   Code   RO         6726    i.MonitorShow       func_servomonitor.o
    0x0802ac40   0x000000c8   Code   RO         7139    i.MotorHeatCalc     func_motoroverload.o
    0x0802ad08   0x00000198   Code   RO         6035    i.MultiBlockSpeedDeal  func_multiblockspeed.o
    0x0802aea0   0x0000035c   Code   RO         6036    i.MultiBlockSpeedInit  func_multiblockspeed.o
    0x0802b1fc   0x000008dc   Code   RO         6241    i.MultiPosHandle    func_multiblockpos.o
    0x0802bad8   0x00000030   Code   RO         6242    i.MultiPosInit      func_multiblockpos.o
    0x0802bb08   0x00000020   Code   RO         6243    i.MultiPosReset     func_multiblockpos.o
    0x0802bb28   0x000000ac   Code   RO         6244    i.MultiPosRunUpdate  func_multiblockpos.o
    0x0802bbd4   0x0000009c   Code   RO         5308    i.NKAbsEnc_SaveThetaOffset  mtr_nikon_absromoper.o
    0x0802bc70   0x00000184   Code   RO         5309    i.NKAbsRomProcess   mtr_nikon_absromoper.o
    0x0802bdf4   0x000001a8   Code   RO         5310    i.NKAbsRom_ClcErrAndMultiTurn  mtr_nikon_absromoper.o
    0x0802bf9c   0x000001f4   Code   RO         5311    i.NKAbsRom_EncState  mtr_nikon_absromoper.o
    0x0802c190   0x00000040   Code   RO         5312    i.NKAbsRom_GetComStatus  mtr_nikon_absromoper.o
    0x0802c1d0   0x000001ac   Code   RO         5313    i.NKAbsRom_InitDeal  mtr_nikon_absromoper.o
    0x0802c37c   0x000000c8   Code   RO         5314    i.NKAbsRom_RdErrStatus  mtr_nikon_absromoper.o
    0x0802c444   0x00000180   Code   RO         5315    i.NKAbsRom_ReadByte  mtr_nikon_absromoper.o
    0x0802c5c4   0x00000178   Code   RO         5316    i.NKAbsRom_WriteByte  mtr_nikon_absromoper.o
    0x0802c73c   0x00000070   Code   RO           12    i.NVIC_Init         misc.o
    0x0802c7ac   0x00000014   Code   RO           13    i.NVIC_PriorityGroupConfig  misc.o
    0x0802c7c0   0x000000e4   Code   RO         6776    i.No2ErrStopDeal    func_stopprocess.o
    0x0802c8a4   0x00000338   Code   RO         5003    i.Nomal_SpdSchedueMode  mtr_spdregulator.o
    0x0802cbdc   0x00000002   Code   RO         8116    i.NullFuntion       func_panelkeyfunarray.o
    0x0802cbde   0x00000002   PAD
    0x0802cbe0   0x00000100   Code   RO         9662    i.OBJ_GetDesc       objdef.o
    0x0802cce0   0x0000001e   Code   RO         9663    i.OBJ_GetEntryDesc  objdef.o
    0x0802ccfe   0x0000006c   Code   RO         9665    i.OBJ_GetNoOfObjects  objdef.o
    0x0802cd6a   0x00000004   Code   RO         9666    i.OBJ_GetObjDesc    objdef.o
    0x0802cd6e   0x0000001c   Code   RO         9667    i.OBJ_GetObjectHandle  objdef.o
    0x0802cd8a   0x00000110   Code   RO         9668    i.OBJ_GetObjectLength  objdef.o
    0x0802ce9a   0x00000002   PAD
    0x0802ce9c   0x000000b8   Code   RO         9669    i.OBJ_GetObjectList  objdef.o
    0x0802cf54   0x000003f8   Code   RO         9670    i.OBJ_Read          objdef.o
    0x0802d34c   0x000003e4   Code   RO         9671    i.OBJ_Write         objdef.o
    0x0802d730   0x0000063c   Code   RO         5485    i.OnLnInertia_MainLoopSchedule  mtr_inertiaidy.o
    0x0802dd6c   0x000000e8   Code   RO         5486    i.OnLnInertia_Sample  mtr_inertiaidy.o
    0x0802de54   0x000004b4   Code   RO         7939    i.OscilloscopeProcess  func_oscilloscope.o
    0x0802e308   0x000007a8   Code   RO         7940    i.OscilloscopeSampling  func_oscilloscope.o
    0x0802eab0   0x00000624   Code   RO         7190    i.OverLoadProtect_1k_Monitor  func_monitor_overloadprotect.o
    0x0802f0d4   0x00000434   Code   RO         6727    i.OverTravelMonitor  func_servomonitor.o
    0x0802f508   0x00000144   Code   RO         6777    i.OverTravelStopDeal  func_stopprocess.o
    0x0802f64c   0x000000c8   Code   RO         4987    i.PDFFCtrl          mtr_pdffctrl.o
    0x0802f714   0x0000009c   Code   RO        10395    i.PDI_Isr           ecatappl.o
    0x0802f7b0   0x00000028   Code   RO        10396    i.PDO_InputMapping  ecatappl.o
    0x0802f7d8   0x00000254   Code   RO         7396    i.PL_1k_Monitor     func_monitor_phaselack.o
    0x0802fa2c   0x00000058   Code   RO         8912    i.PPAccDistCalc     canopen_pub.o
    0x0802fa84   0x00000138   Code   RO         4462    i.PUB_PeripheralClockConfig  pub_rccdriver.o
    0x0802fbbc   0x000000c4   Code   RO         4463    i.PUB_SystemInit    pub_rccdriver.o
    0x0802fc80   0x0000004c   Code   RO         7982    i.PanelDispFun1st   func_paneldisplay.o
    0x0802fccc   0x000000e0   Code   RO         7983    i.PanelDispFun2nd   func_paneldisplay.o
    0x0802fdac   0x00000238   Code   RO         7984    i.PanelDispFun3rd   func_paneldisplay.o
    0x0802ffe4   0x00000178   Code   RO         7985    i.PanelDispFun4th   func_paneldisplay.o
    0x0803015c   0x00000026   Code   RO         7986    i.PanelDispFun5th   func_paneldisplay.o
    0x08030182   0x00000002   PAD
    0x08030184   0x00000024   Code   RO         7987    i.PanelDispFun6th   func_paneldisplay.o
    0x080301a8   0x00000064   Code   RO         7988    i.PanelDispFun7th   func_paneldisplay.o
    0x0803020c   0x00000002   Code   RO         7989    i.PanelDispFun8th   func_paneldisplay.o
    0x0803020e   0x00000002   PAD
    0x08030210   0x0000028c   Code   RO         7990    i.PanelDispFunZero  func_paneldisplay.o
    0x0803049c   0x000002a0   Code   RO         7991    i.PanelDisplay      func_paneldisplay.o
    0x0803073c   0x0000050c   Code   RO         8067    i.PanelKey          func_panelkey.o
    0x08030c48   0x00000364   Code   RO         6583    i.PerformanceIndexCal  func_gainregindicatrix.o
    0x08030fac   0x00000020   Code   RO         6584    i.PerformanceIndexInit  func_gainregindicatrix.o
    0x08030fcc   0x000000a8   Code   RO         7438    i.PiTuneDataAcqui   func_torqpitune.o
    0x08031074   0x000000d4   Code   RO         7439    i.PiTuneInital      func_torqpitune.o
    0x08031148   0x0000008c   Code   RO         6278    i.PosCmdLowPassFilter  func_poscmdfilter.o
    0x080311d4   0x00000460   Code   RO         6320    i.PosCmdSource      func_posctrl.o
    0x08031634   0x0000052a   Code   RO         6321    i.PosControl        func_posctrl.o
    0x08031b5e   0x00000002   PAD
    0x08031b60   0x00000144   Code   RO         6322    i.PosCtrlStopUpdata  func_posctrl.o
    0x08031ca4   0x00000130   Code   RO         6323    i.PosCtrlUpdata     func_posctrl.o
    0x08031dd4   0x000000c0   Code   RO         6324    i.PosCtrl_MainLoop  func_posctrl.o
    0x08031e94   0x000000cc   Code   RO         6411    i.PosErrCalcAndClr  func_posregulator.o
    0x08031f60   0x000004e8   Code   RO         6689    i.PosFbCalc_AbsMod2  func_posfbcalc.o
    0x08032448   0x000001f0   Code   RO         6690    i.PosFbCalc_PosSched  func_posfbcalc.o
    0x08032638   0x0000016c   Code   RO         6691    i.PosFbCalc_ToqInt  func_posfbcalc.o
    0x080327a4   0x000000a0   Code   RO         8827    i.PosLatchUpdate    canopen_pp.o
    0x08032844   0x0000011c   Code   RO         5634    i.PosNotchFilter    func_filter.o
    0x08032960   0x0000001a   Code   RO         5635    i.PosNotchFilterClr  func_filter.o
    0x0803297a   0x00000002   PAD
    0x0803297c   0x0000027c   Code   RO         5636    i.PosNotchInit      func_filter.o
    0x08032bf8   0x00000074   Code   RO         6466    i.PosPulseCalc      func_pulse.o
    0x08032c6c   0x000000a0   Code   RO         6412    i.PosReguStopUpdata  func_posregulator.o
    0x08032d0c   0x00000038   Code   RO         6413    i.PosReguUpdata     func_posregulator.o
    0x08032d44   0x00000178   Code   RO         6414    i.PosRegulator      func_posregulator.o
    0x08032ebc   0x000001d8   Code   RO         6325    i.PosShow           func_posctrl.o
    0x08033094   0x00000084   Code   RO         6279    i.PosSmoothFilter   func_poscmdfilter.o
    0x08033118   0x00000044   Code   RO         9115    i.PosSyncCheck      ect_pp.o
    0x0803315c   0x00000440   Code   RO         6839    i.PostErrMsg        func_servoerror.o
    0x0803359c   0x0000011c   Code   RO         6692    i.PowerOffSave_MainLoop  func_posfbcalc.o
    0x080336b8   0x00000004   Code   RO         4427    i.Pub_AbsRomInit    pub_table.o
    0x080336bc   0x00000018   Code   RO         2207    i.RCC_AHB1PeriphClockCmd  stm32f4xx_rcc.o
    0x080336d4   0x00000018   Code   RO         2216    i.RCC_APB1PeriphClockCmd  stm32f4xx_rcc.o
    0x080336ec   0x00000018   Code   RO         2218    i.RCC_APB1PeriphResetCmd  stm32f4xx_rcc.o
    0x08033704   0x00000018   Code   RO         2219    i.RCC_APB2PeriphClockCmd  stm32f4xx_rcc.o
    0x0803371c   0x00000018   Code   RO         2221    i.RCC_APB2PeriphResetCmd  stm32f4xx_rcc.o
    0x08033734   0x000000ac   Code   RO         2228    i.RCC_GetClocksFreq  stm32f4xx_rcc.o
    0x080337e0   0x00000118   Code   RO         5463    i.RDConverterState  mtr_rdcoper.o
    0x080338f8   0x00000168   Code   RO        10584    i.RdCSPBufferSync   func_cspcmdbuffer.o
    0x08033a60   0x000000cc   Code   RO         8727    i.ReadAppDataFromEeprom  canopen_odt.o
    0x08033b2c   0x00000078   Code   RO         7858    i.ReadFromEeprom    func_opereeprom.o
    0x08033ba4   0x00000050   Code   RO         7859    i.ReadFromEepromAll  func_opereeprom.o
    0x08033bf4   0x0000013c   Code   RO         7860    i.ReadFunCode       func_opereeprom.o
    0x08033d30   0x0000001c   Code   RO         8913    i.RecordCanopenIntpltStruct  canopen_pub.o
    0x08033d4c   0x0000001c   Code   RO         6204    i.RecordIntpltStruct  func_lineinterplt.o
    0x08033d68   0x00000268   Code   RO         7629    i.ResetFunCode      func_funcode.o
    0x08033fd0   0x0000003e   Code   RO         6205    i.ResetIntpltDownLength  func_lineinterplt.o
    0x0803400e   0x00000002   PAD
    0x08034010   0x0000001c   Code   RO         6280    i.ResetPosLowPassFilter  func_poscmdfilter.o
    0x0803402c   0x00000014   Code   RO         6281    i.ResetPosSmoothFilter  func_poscmdfilter.o
    0x08034040   0x00000308   Code   RO         7420    i.Rigidity_LevelProcess  func_rigidityleveltable.o
    0x08034348   0x000000c0   Code   RO         8915    i.Rpm2UserVel       canopen_pub.o
    0x08034408   0x00000950   Code   RO         6728    i.RunStatusMonitor  func_servomonitor.o
    0x08034d58   0x0000055c   Code   RO         9596    i.SDOS_SdoInd       sdoserv.o
    0x080352b4   0x0000027c   Code   RO         9597    i.SDOS_SdoInfoInd   sdoserv.o
    0x08035530   0x000000a0   Code   RO         9598    i.SDOS_SdoRes       sdoserv.o
    0x080355d0   0x00000028   Code   RO         3467    i.SYSCFG_EXTILineConfig  stm32f4xx_syscfg.o
    0x080355f8   0x00000050   Code   RO         7861    i.SaveToEepromAll   func_opereeprom.o
    0x08035648   0x00000040   Code   RO         7862    i.SaveToEepromOne   func_opereeprom.o
    0x08035688   0x00000064   Code   RO         7863    i.SaveToEepromSeri  func_opereeprom.o
    0x080356ec   0x00000314   Code   RO         8728    i.Scan_FunCode_Table  canopen_odt.o
    0x08035a00   0x000000fc   Code   RO         8729    i.Scan_OD_Table     canopen_odt.o
    0x08035afc   0x0000003c   Code   RO         8394    i.SciaReadEna       comm_modbusdrv.o
    0x08035b38   0x00000028   Code   RO         8395    i.SciaSendEna       comm_modbusdrv.o
    0x08035b60   0x000000b8   Code   RO         9599    i.SdoRes            sdoserv.o
    0x08035c18   0x00000334   Code   RO         5200    i.SerialCommEncAngleInit  mtr_absencangleinit.o
    0x08035f4c   0x000000d8   Code   RO         6729    i.ServoMonitor      func_servomonitor.o
    0x08036024   0x00000048   Code   RO         6730    i.ServoRunManage    func_servomonitor.o
    0x0803606c   0x00000064   Code   RO         6779    i.ServoStopRun      func_stopprocess.o
    0x080360d0   0x000000a0   Code   RO         6780    i.ServoStopStatus   func_stopprocess.o
    0x08036170   0x0000004c   Code   RO         5234    i.SetAbsEncCtrl_SQNCRD  mtr_absromoper.o
    0x080361bc   0x0000000c   Code   RO        10016    i.SetCompatibleMode  ecatslv.o
    0x080361c8   0x0000001c   Code   RO         5419    i.SetEthercatSyncMode  mtr_fpgasync.o
    0x080361e4   0x00000518   Code   RO         4775    i.SetFPGAParam      mtr_fpgainterface.o
    0x080366fc   0x000000e8   Code   RO         5066    i.SetMrsCode        mtr_hdh_absromoper.o
    0x080367e4   0x0000001c   Code   RO         5420    i.SetSelfSyncMode   mtr_fpgasync.o
    0x08036800   0x00000054   Code   RO        10017    i.SetStationAlias   ecatslv.o
    0x08036854   0x0000000c   Code   RO        10018    i.SetSyncErrLimit   ecatslv.o
    0x08036860   0x00000030   Code   RO        10585    i.SetToCpu0Ram      func_cspcmdbuffer.o
    0x08036890   0x00000030   Code   RO         4428    i.SinCal            pub_table.o
    0x080368c0   0x00000120   Code   RO         7191    i.SizeE_5kwTo6kw_OVLoadProtect  func_monitor_overloadprotect.o
    0x080369e0   0x0000003c   Code   RO         5981    i.SpdCmdSource      func_spdctrl.o
    0x08036a1c   0x00000064   Code   RO         5982    i.SpdCtrlStopUpdate  func_spdctrl.o
    0x08036a80   0x000000c4   Code   RO         5983    i.SpdCtrlUpdate     func_spdctrl.o
    0x08036b44   0x00000094   Code   RO         5951    i.SpdLmtSel         func_toqctrl.o
    0x08036bd8   0x0000006c   Code   RO         5004    i.SpdReguCoefUpdata  mtr_spdregulator.o
    0x08036c44   0x000000c0   Code   RO         5005    i.SpdReguDatClr     mtr_spdregulator.o
    0x08036d04   0x00000040   Code   RO         5006    i.SpdReguStopUpdata  mtr_spdregulator.o
    0x08036d44   0x00000278   Code   RO         5007    i.SpdReguUpdata     mtr_spdregulator.o
    0x08036fbc   0x00000184   Code   RO         5984    i.SpeedShow         func_spdctrl.o
    0x08037140   0x000000e4   Code   RO         7004    i.SpiRxTxScan       func_spidriver_st.o
    0x08037224   0x00000294   Code   RO        10019    i.StartInputHandler  ecatslv.o
    0x080374b8   0x00000040   Code   RO        10021    i.StopInputHandler  ecatslv.o
    0x080374f8   0x000000f8   Code   RO         6781    i.StopModeInit      func_stopprocess.o
    0x080375f0   0x000002f4   Code   RO         6782    i.StopProcess       func_stopprocess.o
    0x080378e4   0x00000140   Code   RO         7341    i.StopUpdateDCBusBrake  func_monitor_dcbusvolt.o
    0x08037a24   0x0000003c   Code   RO         9116    i.Sync0PosControlSet  ect_pp.o
    0x08037a60   0x00000098   Code   RO        10398    i.Sync0_Isr         ecatappl.o
    0x08037af8   0x00000002   Code   RO         4309    i.SysTick_Handler   pub_main.o
    0x08037afa   0x00000002   PAD
    0x08037afc   0x0000009c   Code   RO         5138    i.TAMAGAbsEnc_SaveThetaOffset  mtr_tamagawa_absromoper.o
    0x08037b98   0x0000015c   Code   RO         5139    i.TAMAGAbsRomProcess  mtr_tamagawa_absromoper.o
    0x08037cf4   0x00000138   Code   RO         5140    i.TAMAGAbsRom_ClcErrAndMultiTurn  mtr_tamagawa_absromoper.o
    0x08037e2c   0x000001bc   Code   RO         5141    i.TAMAGAbsRom_EncState  mtr_tamagawa_absromoper.o
    0x08037fe8   0x00000040   Code   RO         5142    i.TAMAGAbsRom_GetComStatus  mtr_tamagawa_absromoper.o
    0x08038028   0x000001a0   Code   RO         5143    i.TAMAGAbsRom_InitDeal  mtr_tamagawa_absromoper.o
    0x080381c8   0x00000150   Code   RO         5144    i.TAMAGAbsRom_ReadByte  mtr_tamagawa_absromoper.o
    0x08038318   0x00000164   Code   RO         5145    i.TAMAGAbsRom_WriteByte  mtr_tamagawa_absromoper.o
    0x0803847c   0x00000044   Code   RO         4310    i.TIM2_IRQHandler   pub_main.o
    0x080384c0   0x0000006c   Code   RO         9118    i.TIM7_IRQHandler   ect_pp.o
    0x0803852c   0x00000006   Code   RO         3527    i.TIM_ClearITPendingBit  stm32f4xx_tim.o
    0x08038532   0x00000012   Code   RO         3532    i.TIM_Cmd           stm32f4xx_tim.o
    0x08038544   0x000001ac   Code   RO         3537    i.TIM_DeInit        stm32f4xx_tim.o
    0x080386f0   0x00000034   Code   RO         3541    i.TIM_EncoderInterfaceConfig  stm32f4xx_tim.o
    0x08038724   0x00000004   Code   RO         3551    i.TIM_GetCounter    stm32f4xx_tim.o
    0x08038728   0x00000016   Code   RO         3553    i.TIM_GetITStatus   stm32f4xx_tim.o
    0x0803873e   0x00000010   Code   RO         3557    i.TIM_ITConfig      stm32f4xx_tim.o
    0x0803874e   0x00000082   Code   RO         3566    i.TIM_OC2Init       stm32f4xx_tim.o
    0x080387d0   0x0000000e   Code   RO         3569    i.TIM_OC2PreloadConfig  stm32f4xx_tim.o
    0x080387de   0x00000062   Code   RO         3576    i.TIM_OC4Init       stm32f4xx_tim.o
    0x08038840   0x0000000e   Code   RO         3578    i.TIM_OC4PreloadConfig  stm32f4xx_tim.o
    0x0803884e   0x00000014   Code   RO         3579    i.TIM_OCStructInit  stm32f4xx_tim.o
    0x08038862   0x00000004   Code   RO         3598    i.TIM_SetCounter    stm32f4xx_tim.o
    0x08038866   0x00000002   PAD
    0x08038868   0x00000080   Code   RO         3604    i.TIM_TimeBaseInit  stm32f4xx_tim.o
    0x080388e8   0x00000012   Code   RO         3605    i.TIM_TimeBaseStructInit  stm32f4xx_tim.o
    0x080388fa   0x00000002   PAD
    0x080388fc   0x000000d8   Code   RO         4922    i.T_ITrans          mtr_getiqref.o
    0x080389d4   0x000000c0   Code   RO         7248    i.Tempera_1k_Monitor  func_monitor_temperature.o
    0x08038a94   0x000000d8   Code   RO         4923    i.ToqReachJudge     mtr_getiqref.o
    0x08038b6c   0x00000194   Code   RO         5952    i.ToqRefSel         func_toqctrl.o
    0x08038d00   0x00000554   Code   RO         7440    i.TorqLoopPiTune    func_torqpitune.o
    0x08039254   0x00000028   Code   RO         5953    i.TorqueShow        func_toqctrl.o
    0x0803927c   0x000003b4   Code   RO         9277    i.TouchProbe1EnJudgment  ect_probe.o
    0x08039630   0x0000015c   Code   RO         9279    i.TouchProbe1ZeroLatch  ect_probe.o
    0x0803978c   0x000003b4   Code   RO         9280    i.TouchProbe2EnJudgment  ect_probe.o
    0x08039b40   0x00000174   Code   RO         9282    i.TouchProbe2ZeroLatch  ect_probe.o
    0x08039cb4   0x00000084   Code   RO         9283    i.TouchProbeDrvConfig  ect_probe.o
    0x08039d38   0x000000b4   Code   RO         9284    i.TouchProbeFunc    ect_probe.o
    0x08039dec   0x0000002c   Code   RO         9285    i.TouchProbeInit    ect_probe.o
    0x08039e18   0x00000058   Code   RO         9287    i.TouchProbeZeroIndexISR  ect_probe.o
    0x08039e70   0x000000b4   Code   RO         7941    i.TrigDeal_A        func_oscilloscope.o
    0x08039f24   0x00000044   Code   RO         8396    i.UART_TX_DMA_LowLevelConfig  comm_modbusdrv.o
    0x08039f68   0x00000098   Code   RO         8397    i.USART1_IRQHandler  comm_modbusdrv.o
    0x0803a000   0x000000a0   Code   RO         8398    i.USART1_RcvDealToqInt  comm_modbusdrv.o
    0x0803a0a0   0x0000000e   Code   RO         4058    i.USART_ClearITPendingBit  stm32f4xx_usart.o
    0x0803a0ae   0x00000022   Code   RO         4059    i.USART_ClockInit   stm32f4xx_usart.o
    0x0803a0d0   0x00000012   Code   RO         4061    i.USART_Cmd         stm32f4xx_usart.o
    0x0803a0e2   0x00000010   Code   RO         4062    i.USART_DMACmd      stm32f4xx_usart.o
    0x0803a0f2   0x0000000e   Code   RO         4064    i.USART_GetFlagStatus  stm32f4xx_usart.o
    0x0803a100   0x0000004c   Code   RO         4065    i.USART_GetITStatus  stm32f4xx_usart.o
    0x0803a14c   0x00000030   Code   RO         4067    i.USART_ITConfig    stm32f4xx_usart.o
    0x0803a17c   0x000000b8   Code   RO         4068    i.USART_Init        stm32f4xx_usart.o
    0x0803a234   0x00000008   Code   RO         4075    i.USART_ReceiveData  stm32f4xx_usart.o
    0x0803a23c   0x00000030   Code   RO         4776    i.UpdateH0B_FPGA_State  mtr_fpgainterface.o
    0x0803a26c   0x000000c8   Code   RO         8916    i.UserAccUnit2Incps2Unit  canopen_pub.o
    0x0803a334   0x000000b0   Code   RO         8917    i.UserAccUnit2Rpmps2Unit  canopen_pub.o
    0x0803a3e4   0x00000060   Code   RO         8918    i.UserPosUnit2IncpUnit  canopen_pub.o
    0x0803a444   0x00000050   Code   RO         8919    i.UserVelUnit2IncpsUnit  canopen_pub.o
    0x0803a494   0x00000090   Code   RO         8920    i.UserVelUnit2RpmUnit  canopen_pub.o
    0x0803a524   0x000000b0   Code   RO         6954    i.VirDiFuncSetErr   func_virtualdido.o
    0x0803a5d4   0x0000006c   Code   RO         6955    i.VirDoFuncSetErr   func_virtualdido.o
    0x0803a640   0x00000134   Code   RO         6956    i.VirDoProcess      func_virtualdido.o
    0x0803a774   0x0000034c   Code   RO         6840    i.WarnAutoClr       func_servoerror.o
    0x0803aac0   0x00000074   Code   RO        10586    i.WrCSPBufferIrq    func_cspcmdbuffer.o
    0x0803ab34   0x00000108   Code   RO         9221    i.WriteCSPFIFO      ect_csp.o
    0x0803ac3c   0x00000108   Code   RO         7866    i.WriteFunCode      func_opereeprom.o
    0x0803ad44   0x0000000c   Code   RO         6783    i.WriteGDStop       func_stopprocess.o
    0x0803ad50   0x000001a0   Code   RO         6485    i.XintPosCmd        func_xintposition.o
    0x0803aef0   0x00000070   Code   RO         6486    i.XintPosDrvConfig  func_xintposition.o
    0x0803af60   0x000000dc   Code   RO         6487    i.XintPosEnJudgment  func_xintposition.o
    0x0803b03c   0x00000014   Code   RO         6488    i.XintPosReset      func_xintposition.o
    0x0803b050   0x000000a4   Code   RO         4644    i.ZPosErrDeal       mtr_system.o
    0x0803b0f4   0x00000054   Code   RO         6136    i.ZeroIndexISR      func_home.o
    0x0803b148   0x0000022c   Code   RO         4311    i.main              pub_main.o
    0x0803b374   0x0000008c   Code   RO         9222    i.preInterpltPointUpdata  ect_csp.o
    0x0803b400   0x000000c4   Code   RO         4312    i.startB4main       pub_main.o
    0x0803b4c4   0x0000000e   Code   RO        10874    x$fpl$fpinit        fz_ws.l(fpinit.o)
    0x0803b4d2   0x00000202   Data   RO         4429    .constdata          pub_table.o
    0x0803b6d4   0x0000002a   Data   RO         4561    .constdata          mtr_global_filter.o
    0x0803b6fe   0x00000002   PAD
    0x0803b700   0x0000007c   Data   RO         5147    .constdata          mtr_tamagawa_absromoper.o
    0x0803b77c   0x000000c8   Data   RO         5236    .constdata          mtr_absromoper.o
    0x0803b844   0x00000016   Data   RO         5637    .constdata          func_filter.o
    0x0803b85a   0x00000002   PAD
    0x0803b85c   0x00000038   Data   RO         6880    .constdata          func_dido.o
    0x0803b894   0x00000080   Data   RO         6957    .constdata          func_virtualdido.o
    0x0803b914   0x0000002e   Data   RO         7167    .constdata          func_monitor_overloadtable.o
    0x0803b942   0x0000002e   Data   RO         7168    .constdata          func_monitor_overloadtable.o
    0x0803b970   0x00000026   Data   RO         7169    .constdata          func_monitor_overloadtable.o
    0x0803b996   0x0000002e   Data   RO         7170    .constdata          func_monitor_overloadtable.o
    0x0803b9c4   0x0000002e   Data   RO         7171    .constdata          func_monitor_overloadtable.o
    0x0803b9f2   0x00000026   Data   RO         7172    .constdata          func_monitor_overloadtable.o
    0x0803ba18   0x00000050   Data   RO         7173    .constdata          func_monitor_overloadtable.o
    0x0803ba68   0x00000050   Data   RO         7174    .constdata          func_monitor_overloadtable.o
    0x0803bab8   0x00000026   Data   RO         7175    .constdata          func_monitor_overloadtable.o
    0x0803bade   0x0000003c   Data   RO         7176    .constdata          func_monitor_overloadtable.o
    0x0803bb1a   0x00000030   Data   RO         7231    .constdata          func_monitor_temperatable.o
    0x0803bb4a   0x00000030   Data   RO         7232    .constdata          func_monitor_temperatable.o
    0x0803bb7a   0x00000030   Data   RO         7233    .constdata          func_monitor_temperatable.o
    0x0803bbaa   0x00000030   Data   RO         7234    .constdata          func_monitor_temperatable.o
    0x0803bbda   0x00000108   Data   RO         7421    .constdata          func_rigidityleveltable.o
    0x0803bce2   0x00000800   Data   RO         7510    .constdata          func_fft.o
    0x0803c4e2   0x00004000   Data   RO         7558    .constdata          func_fsaspeedcmd.o
    0x080404e2   0x00000180   Data   RO         7607    .constdata          func_driverpara.o
    0x08040662   0x00000150   Data   RO         7608    .constdata          func_driverpara.o
    0x080407b2   0x0000001e   Data   RO         7609    .constdata          func_driverpara.o
    0x080407d0   0x00000066   Data   RO         7632    .constdata          func_funcode.o
    0x08040836   0x00000074   Data   RO         7633    .constdata          func_funcode.o
    0x080408aa   0x00000033   Data   RO         7634    .constdata          func_funcode.o
    0x080408dd   0x00000003   PAD
    0x080408e0   0x00005b5c   Data   RO         7705    .constdata          func_funcodedefault.o
    0x0804643c   0x000002c2   Data   RO         7825    .constdata          func_motorpara.o
    0x080466fe   0x000002c0   Data   RO         7826    .constdata          func_motorpara.o
    0x080469be   0x00000280   Data   RO         7827    .constdata          func_motorpara.o
    0x08046c3e   0x000003c0   Data   RO         7828    .constdata          func_motorpara.o
    0x08046ffe   0x00000100   Data   RO         7829    .constdata          func_motorpara.o
    0x080470fe   0x00000100   Data   RO         7830    .constdata          func_motorpara.o
    0x080471fe   0x00000140   Data   RO         7831    .constdata          func_motorpara.o
    0x0804733e   0x000001c0   Data   RO         7832    .constdata          func_motorpara.o
    0x080474fe   0x00000240   Data   RO         7833    .constdata          func_motorpara.o
    0x0804773e   0x00000002   PAD
    0x08047740   0x000001f8   Data   RO         7943    .constdata          func_oscilloscope.o
    0x08047938   0x00000090   Data   RO         7992    .constdata          func_paneldisplay.o
    0x080479c8   0x00000064   Data   RO         8118    .constdata          func_panelkeyfunarray.o
    0x08047a2c   0x00000038   Data   RO         8400    .constdata          comm_modbusdrv.o
    0x08047a64   0x00000c50   Data   RO         8731    .constdata          canopen_odt.o
    0x080486b4   0x00000030   Data   RO         9073    .constdata          ect_esmdisplay.o
    0x080486e4   0x00000070   Data   RO         9601    .constdata          sdoserv.o
    0x08048754   0x00000020   Data   RO         9674    .constdata          objdef.o
    0x08048774   0x00000020   Data   RO        10909    Region$$Table       anon$$obj.o


    Execution Region RW_IRAM1 (Base: 0x20000000, Size: 0x000119f0, Max: 0x00020000, ABSOLUTE, COMPRESSED[0x000008cc])

    Base Addr    Size         Type   Attr      Idx    E Section Name        Object

    0x20000000   0x00000010   Data   RW         2259    .data               stm32f4xx_rcc.o
    0x20000010   0x00000004   Data   RW         4314    .data               pub_main.o
    0x20000014   0x00000010   Data   RW         4316    .data               pub_main.o
    0x20000024   0x00000010   Data   RW         4599    .data               mtr_gpiodriver_st.o
    0x20000034   0x0000000c   Data   RW         4646    .data               mtr_system.o
    0x20000040   0x000001a8   Data   RW         4778    .data               mtr_fpgainterface.o
    0x200001e8   0x00000002   Data   RW         4779    .data               mtr_fpgainterface.o
    0x200001ea   0x00000002   PAD
    0x200001ec   0x00000004   Data   RW         4780    .data               mtr_fpgainterface.o
    0x200001f0   0x00000004   Data   RW         4781    .data               mtr_fpgainterface.o
    0x200001f4   0x00000004   Data   RW         4782    .data               mtr_fpgainterface.o
    0x200001f8   0x00000004   Data   RW         4783    .data               mtr_fpgainterface.o
    0x200001fc   0x00000004   Data   RW         4784    .data               mtr_fpgainterface.o
    0x20000200   0x00000004   Data   RW         4785    .data               mtr_fpgainterface.o
    0x20000204   0x00000004   Data   RW         4786    .data               mtr_fpgainterface.o
    0x20000208   0x00000004   Data   RW         4787    .data               mtr_fpgainterface.o
    0x2000020c   0x00000004   Data   RW         4788    .data               mtr_fpgainterface.o
    0x20000210   0x00000004   Data   RW         4789    .data               mtr_fpgainterface.o
    0x20000214   0x00000004   Data   RW         4790    .data               mtr_fpgainterface.o
    0x20000218   0x00000004   Data   RW         4793    .data               mtr_fpgainterface.o
    0x2000021c   0x00000004   Data   RW         4794    .data               mtr_fpgainterface.o
    0x20000220   0x00000004   Data   RW         4795    .data               mtr_fpgainterface.o
    0x20000224   0x00000004   Data   RW         4796    .data               mtr_fpgainterface.o
    0x20000228   0x00000004   Data   RW         4797    .data               mtr_fpgainterface.o
    0x2000022c   0x00000004   PAD
    0x20000230   0x00000038   Data   RW         4925    .data               mtr_getiqref.o
    0x20000268   0x00000020   Data   RW         5009    .data               mtr_spdregulator.o
    0x20000288   0x00000030   Data   RW         5067    .data               mtr_hdh_absromoper.o
    0x200002b8   0x0000001c   Data   RW         5148    .data               mtr_tamagawa_absromoper.o
    0x200002d4   0x00000018   Data   RW         5201    .data               mtr_absencangleinit.o
    0x200002ec   0x00000030   Data   RW         5237    .data               mtr_absromoper.o
    0x2000031c   0x00000020   Data   RW         5317    .data               mtr_nikon_absromoper.o
    0x2000033c   0x0000000c   Data   RW         5379    .data               mtr_postfpgaerr.o
    0x20000348   0x00000008   Data   RW         5464    .data               mtr_rdcoper.o
    0x20000350   0x0000000c   Data   RW         5489    .data               mtr_inertiaidy.o
    0x2000035c   0x00000094   Data   RW         5518    .data               mtr_angleinit.o
    0x200003f0   0x00000020   Data   RW         5555    .data               mtr_inerfriciden.o
    0x20000410   0x00000004   Data   RW         5583    .data               func_mtrinterface.o
    0x20000414   0x00000008   Data   RW         5613    .data               func_interfaceprocess.o
    0x2000041c   0x00000008   Data   RW         5638    .data               func_filter.o
    0x20000424   0x00000004   Data   RW         5689    .data               func_dmadriver.o
    0x20000428   0x00000004   Data   RW         5691    .data               func_dmadriver.o
    0x2000042c   0x00000010   Data   RW         5706    .data               func_gpiodriver.o
    0x2000043c   0x00000024   Data   RW         5743    .data               func_system.o
    0x20000460   0x00000070   Data   RW         5986    .data               func_spdctrl.o
    0x200004d0   0x00000010   Data   RW         6038    .data               func_multiblockspeed.o
    0x200004e0   0x00000008   Data   RW         6065    .data               func_gainswitching.o
    0x200004e8   0x00000008   Data   RW         6096    .data               func_elegear.o
    0x200004f0   0x00000004   Data   RW         6138    .data               func_home.o
    0x200004f4   0x00000004   PAD
    0x200004f8   0x00000018   Data   RW         6207    .data               func_lineinterplt.o
    0x20000510   0x00000018   Data   RW         6246    .data               func_multiblockpos.o
    0x20000528   0x00000060   Data   RW         6327    .data               func_posctrl.o
    0x20000588   0x00000050   Data   RW         6415    .data               func_posregulator.o
    0x200005d8   0x0000000c   Data   RW         6467    .data               func_pulse.o
    0x200005e4   0x00000008   Data   RW         6490    .data               func_xintposition.o
    0x200005ec   0x0000000c   Data   RW         6528    .data               func_curve.o
    0x200005f8   0x0000003c   Data   RW         6586    .data               func_gainregindicatrix.o
    0x20000634   0x00000004   PAD
    0x20000638   0x00000038   Data   RW         6637    .data               func_fullcloseloop.o
    0x20000670   0x00000018   Data   RW         6693    .data               func_posfbcalc.o
    0x20000688   0x00000050   Data   RW         6732    .data               func_servomonitor.o
    0x200006d8   0x00000004   Data   RW         6841    .data               func_servoerror.o
    0x200006dc   0x00000004   PAD
    0x200006e0   0x00000030   Data   RW         6881    .data               func_dido.o
    0x20000710   0x00000004   Data   RW         6958    .data               func_virtualdido.o
    0x20000714   0x00000010   Data   RW         7006    .data               func_spidriver_st.o
    0x20000724   0x00000008   Data   RW         7082    .data               func_aodriver_st.o
    0x2000072c   0x0000001c   Data   RW         7119    .data               func_modeselect.o
    0x20000748   0x00000020   Data   RW         7141    .data               func_motoroverload.o
    0x20000768   0x00000030   Data   RW         7193    .data               func_monitor_overloadprotect.o
    0x20000798   0x0000000c   Data   RW         7250    .data               func_monitor_temperature.o
    0x200007a4   0x0000000c   Data   RW         7285    .data               func_adcdriver_st.o
    0x200007b0   0x00000016   Data   RW         7343    .data               func_monitor_dcbusvolt.o
    0x200007c6   0x00000010   Data   RW         7397    .data               func_monitor_phaselack.o
    0x200007d6   0x00000006   Data   RW         7422    .data               func_rigidityleveltable.o
    0x200007dc   0x0000001c   Data   RW         7442    .data               func_torqpitune.o
    0x200007f8   0x00000014   Data   RW         7480    .data               func_fricidentify.o
    0x2000080c   0x00000054   Data   RW         7511    .data               func_fft.o
    0x20000860   0x00000010   Data   RW         7559    .data               func_fsaspeedcmd.o
    0x20000870   0x000000c0   Data   RW         7583    .data               func_comminterface.o
    0x20000930   0x0000003c   Data   RW         7610    .data               func_driverpara.o
    0x2000096c   0x000000cc   Data   RW         7636    .data               func_funcode.o
    0x20000a38   0x00000004   Data   RW         7637    .data               func_funcode.o
    0x20000a3c   0x0000000c   Data   RW         7740    .data               func_i2cdriver_st.o
    0x20000a48   0x00000104   Data   RW         7834    .data               func_motorpara.o
    0x20000b4c   0x0000001c   Data   RW         7868    .data               func_opereeprom.o
    0x20000b68   0x0000000c   Data   RW         7944    .data               func_oscilloscope.o
    0x20000b74   0x00000038   Data   RW         7993    .data               func_paneldisplay.o
    0x20000bac   0x00000120   Data   RW         8068    .data               func_panelkey.o
    0x20000ccc   0x00000004   Data   RW         8276    .data               func_elclabel.o
    0x20000cd0   0x00000028   Data   RW         8318    .data               comm_modbus.o
    0x20000cf8   0x00000012   Data   RW         8401    .data               comm_modbusdrv.o
    0x20000d0a   0x00000006   PAD
    0x20000d10   0x00000068   Data   RW         8472    .data               canopen_pv.o
    0x20000d78   0x00000020   Data   RW         8521    .data               canopen_devicectrl.o
    0x20000d98   0x00000003   Data   RW         8623    .data               canopen_home.o
    0x20000d9b   0x00000001   PAD
    0x20000d9c   0x00000004   Data   RW         8732    .data               canopen_odt.o
    0x20000da0   0x00000002   Data   RW         8733    .data               canopen_odt.o
    0x20000da2   0x00000001   Data   RW         8829    .data               canopen_pp.o
    0x20000da3   0x00000005   PAD
    0x20000da8   0x00000028   Data   RW         8922    .data               canopen_pub.o
    0x20000dd0   0x00000010   Data   RW         9074    .data               ect_esmdisplay.o
    0x20000de0   0x00000001   Data   RW         9120    .data               ect_pp.o
    0x20000de1   0x00000007   PAD
    0x20000de8   0x00000060   Data   RW         9224    .data               ect_csp.o
    0x20000e48   0x00000010   Data   RW         9289    .data               ect_probe.o
    0x20000e58   0x00000004   Data   RW         9363    .data               coeappl.o
    0x20000e5c   0x00000006   Data   RW         9364    .data               coeappl.o
    0x20000e62   0x0000000c   Data   RW         9365    .data               coeappl.o
    0x20000e6e   0x00000002   Data   RW         9366    .data               coeappl.o
    0x20000e70   0x00000006   Data   RW         9367    .data               coeappl.o
    0x20000e76   0x0000000f   Data   RW         9368    .data               coeappl.o
    0x20000e85   0x0000000b   Data   RW         9369    .data               coeappl.o
    0x20000e90   0x00000006   Data   RW         9370    .data               coeappl.o
    0x20000e96   0x0000000c   Data   RW         9371    .data               coeappl.o
    0x20000ea2   0x00000005   Data   RW         9372    .data               coeappl.o
    0x20000ea7   0x00000001   PAD
    0x20000ea8   0x00000006   Data   RW         9373    .data               coeappl.o
    0x20000eae   0x00000011   Data   RW         9374    .data               coeappl.o
    0x20000ebf   0x00000005   Data   RW         9375    .data               coeappl.o
    0x20000ec4   0x00000006   Data   RW         9376    .data               coeappl.o
    0x20000eca   0x00000011   Data   RW         9377    .data               coeappl.o
    0x20000edb   0x00000001   PAD
    0x20000edc   0x00000014   Data   RW         9378    .data               coeappl.o
    0x20000ef0   0x0000001e   Data   RW         9379    .data               coeappl.o
    0x20000f0e   0x00000039   Data   RW         9380    .data               coeappl.o
    0x20000f47   0x00000001   PAD
    0x20000f48   0x00000012   Data   RW         9381    .data               coeappl.o
    0x20000f5a   0x0000003f   Data   RW         9382    .data               coeappl.o
    0x20000f99   0x00000001   PAD
    0x20000f9a   0x00000006   Data   RW         9383    .data               coeappl.o
    0x20000fa0   0x0000000c   Data   RW         9384    .data               coeappl.o
    0x20000fac   0x00000012   Data   RW         9385    .data               coeappl.o
    0x20000fbe   0x000000c6   Data   RW         9386    .data               coeappl.o
    0x20001084   0x00000108   Data   RW         9387    .data               coeappl.o
    0x2000118c   0x000000c6   Data   RW         9388    .data               coeappl.o
    0x20001252   0x00000107   Data   RW         9389    .data               coeappl.o
    0x20001359   0x00000003   PAD
    0x2000135c   0x000001bc   Data   RW         9390    .data               coeappl.o
    0x20001518   0x00000034   Data   RW         9602    .data               sdoserv.o
    0x2000154c   0x00000004   Data   RW         9603    .data               sdoserv.o
    0x20001550   0x0000000c   Data   RW         9675    .data               objdef.o
    0x2000155c   0x0000000d   Data   RW         9676    .data               objdef.o
    0x20001569   0x00000001   PAD
    0x2000156a   0x00000002   Data   RW         9677    .data               objdef.o
    0x2000156c   0x00000020   Data   RW         9767    .data               mailbox.o
    0x2000158c   0x0000000c   Data   RW         9872    .data               ecatuserappl.o
    0x20001598   0x00000042   Data   RW         9873    .data               ecatuserappl.o
    0x200015da   0x00000080   Data   RW         9874    .data               ecatuserappl.o
    0x2000165a   0x00000042   Data   RW         9875    .data               ecatuserappl.o
    0x2000169c   0x00000080   Data   RW         9876    .data               ecatuserappl.o
    0x2000171c   0x00000042   Data   RW         9877    .data               ecatuserappl.o
    0x2000175e   0x00000080   Data   RW         9878    .data               ecatuserappl.o
    0x200017de   0x00000042   Data   RW         9879    .data               ecatuserappl.o
    0x20001820   0x00000080   Data   RW         9880    .data               ecatuserappl.o
    0x200018a0   0x00000042   Data   RW         9881    .data               ecatuserappl.o
    0x200018e2   0x00000080   Data   RW         9882    .data               ecatuserappl.o
    0x20001962   0x00000042   Data   RW         9883    .data               ecatuserappl.o
    0x200019a4   0x00000080   Data   RW         9884    .data               ecatuserappl.o
    0x20001a24   0x00000042   Data   RW         9885    .data               ecatuserappl.o
    0x20001a66   0x00000080   Data   RW         9886    .data               ecatuserappl.o
    0x20001ae6   0x00000042   Data   RW         9887    .data               ecatuserappl.o
    0x20001b28   0x00000080   Data   RW         9888    .data               ecatuserappl.o
    0x20001ba8   0x00000042   Data   RW         9889    .data               ecatuserappl.o
    0x20001bea   0x00000080   Data   RW         9890    .data               ecatuserappl.o
    0x20001c6a   0x00000042   Data   RW         9891    .data               ecatuserappl.o
    0x20001cac   0x00000080   Data   RW         9892    .data               ecatuserappl.o
    0x20001d2c   0x00000042   Data   RW         9893    .data               ecatuserappl.o
    0x20001d6e   0x00000080   Data   RW         9894    .data               ecatuserappl.o
    0x20001dee   0x0000000d   Data   RW         9897    .data               ecatuserappl.o
    0x20001dfb   0x0000000d   Data   RW         9898    .data               ecatuserappl.o
    0x20001e08   0x000003cc   Data   RW         9899    .data               ecatuserappl.o
    0x200021d4   0x00000078   Data   RW         9900    .data               ecatuserappl.o
    0x2000224c   0x0000003a   Data   RW        10023    .data               ecatslv.o
    0x20002286   0x00000002   Data   RW        10025    .data               ecatslv.o
    0x20002288   0x00000002   Data   RW        10026    .data               ecatslv.o
    0x2000228a   0x0000000a   Data   RW        10294    .data               ecathw.o
    0x20002294   0x00000004   Data   RW        10352    .data               ecatcoe.o
    0x20002298   0x00000006   Data   RW        10400    .data               ecatappl.o
    0x2000229e   0x00000002   PAD
    0x200022a0   0x00000008   Data   RW        10470    .data               c_comminternal.o
    0x200022a8   0x00000008   Data   RW        10512    .data               stmecathw.o
    0x200022b0   0x00000040   Zero   RW         4313    .bss                pub_main.o
    0x200022f0   0x0000000c   Zero   RW         4619    .bss                mtr_interfaceprocess.o
    0x200022fc   0x00000034   Zero   RW         4620    .bss                mtr_interfaceprocess.o
    0x20002330   0x00000120   Zero   RW         4645    .bss                mtr_system.o
    0x20002450   0x00000130   Zero   RW         4777    .bss                mtr_fpgainterface.o
    0x20002580   0x000001d8   Zero   RW         4924    .bss                mtr_getiqref.o
    0x20002758   0x00000268   Zero   RW         5008    .bss                mtr_spdregulator.o
    0x200029c0   0x00000064   Zero   RW         5146    .bss                mtr_tamagawa_absromoper.o
    0x20002a24   0x00000064   Zero   RW         5235    .bss                mtr_absromoper.o
    0x20002a88   0x00000120   Zero   RW         5487    .bss                mtr_inertiaidy.o
    0x20002ba8   0x00000014   Zero   RW         5517    .bss                mtr_angleinit.o
    0x20002bbc   0x000000b0   Zero   RW         5554    .bss                mtr_inerfriciden.o
    0x20002c6c   0x0000006c   Zero   RW         5611    .bss                func_interfaceprocess.o
    0x20002cd8   0x00000014   Zero   RW         5612    .bss                func_interfaceprocess.o
    0x20002cec   0x000001ec   Zero   RW         5742    .bss                func_system.o
    0x20002ed8   0x00000050   Zero   RW         5985    .bss                func_spdctrl.o
    0x20002f28   0x000000d0   Zero   RW         6037    .bss                func_multiblockspeed.o
    0x20002ff8   0x000000b0   Zero   RW         6064    .bss                func_gainswitching.o
    0x200030a8   0x000000d0   Zero   RW         6137    .bss                func_home.o
    0x20003178   0x00000010   Zero   RW         6206    .bss                func_lineinterplt.o
    0x20003188   0x00000198   Zero   RW         6245    .bss                func_multiblockpos.o
    0x20003320   0x000015a4   Zero   RW         6326    .bss                func_posctrl.o
    0x200048c4   0x00000004   PAD
    0x200048c8   0x00000080   Zero   RW         6489    .bss                func_xintposition.o
    0x20004948   0x00000100   Zero   RW         6526    .bss                func_curve.o
    0x20004a48   0x00000054   Zero   RW         6585    .bss                func_gainregindicatrix.o
    0x20004a9c   0x00000004   PAD
    0x20004aa0   0x00000050   Zero   RW         6636    .bss                func_fullcloseloop.o
    0x20004af0   0x00000038   Zero   RW         6731    .bss                func_servomonitor.o
    0x20004b28   0x000000d6   Zero   RW         6879    .bss                func_dido.o
    0x20004bfe   0x00000002   PAD
    0x20004c00   0x00000030   Zero   RW         7081    .bss                func_aodriver_st.o
    0x20004c30   0x00000118   Zero   RW         7192    .bss                func_monitor_overloadprotect.o
    0x20004d48   0x00000030   Zero   RW         7249    .bss                func_monitor_temperature.o
    0x20004d78   0x00000040   Zero   RW         7284    .bss                func_adcdriver_st.o
    0x20004db8   0x00000088   Zero   RW         7342    .bss                func_monitor_dcbusvolt.o
    0x20004e40   0x00000350   Zero   RW         7441    .bss                func_torqpitune.o
    0x20005190   0x00000042   Zero   RW         7478    .bss                func_fricidentify.o
    0x200051d2   0x00000002   PAD
    0x200051d4   0x00002024   Zero   RW         7509    .bss                func_fft.o
    0x200071f8   0x000011e6   Zero   RW         7630    .bss                func_funcode.o
    0x200083de   0x00000002   PAD
    0x200083e0   0x00000088   Zero   RW         7739    .bss                func_i2cdriver_st.o
    0x20008468   0x00000ab4   Zero   RW         7867    .bss                func_opereeprom.o
    0x20008f1c   0x00006070   Zero   RW         7942    .bss                func_oscilloscope.o
    0x2000ef8c   0x0000001e   Zero   RW         8117    .bss                func_panelkeyfunarray.o
    0x2000efaa   0x00000040   Zero   RW         8275    .bss                func_elclabel.o
    0x2000efea   0x00000218   Zero   RW         8317    .bss                comm_modbus.o
    0x2000f202   0x00000002   PAD
    0x2000f204   0x0000003c   Zero   RW         8399    .bss                comm_modbusdrv.o
    0x2000f240   0x00000020   Zero   RW         8520    .bss                canopen_devicectrl.o
    0x2000f260   0x00000070   Zero   RW         8622    .bss                canopen_home.o
    0x2000f2d0   0x00000204   Zero   RW         8730    .bss                canopen_odt.o
    0x2000f4d4   0x00000004   PAD
    0x2000f4d8   0x0000013c   Zero   RW         8828    .bss                canopen_pp.o
    0x2000f614   0x00000004   PAD
    0x2000f618   0x000000d8   Zero   RW         8921    .bss                canopen_pub.o
    0x2000f6f0   0x0000000c   Zero   RW         9072    .bss                ect_esmdisplay.o
    0x2000f6fc   0x00000004   PAD
    0x2000f700   0x00000028   Zero   RW         9172    .bss                ect_pt.o
    0x2000f728   0x00000010   Zero   RW         9223    .bss                ect_csp.o
    0x2000f738   0x00000028   Zero   RW         9288    .bss                ect_probe.o
    0x2000f760   0x0000000e   Zero   RW         9600    .bss                sdoserv.o
    0x2000f76e   0x00000002   PAD
    0x2000f770   0x00000038   Zero   RW         9672    .bss                objdef.o
    0x2000f7a8   0x00000038   Zero   RW         9673    .bss                objdef.o
    0x2000f7e0   0x00000268   Zero   RW         9766    .bss                mailbox.o
    0x2000fa48   0x00000328   Zero   RW         9871    .bss                ecatuserappl.o
    0x2000fd70   0x000000a0   Zero   RW        10399    .bss                ecatappl.o
    0x2000fe10   0x0000007c   Zero   RW        10587    .bss                func_cspcmdbuffer.o
    0x2000fe8c   0x00000060   Zero   RW        10780    .bss                c_w.l(libspace.o)
    0x2000feec   0x00000004   PAD
    0x2000fef0   0x00000b00   Zero   RW            2    HEAP                startup_stm32f4xx.o
    0x200109f0   0x00001000   Zero   RW            1    STACK               startup_stm32f4xx.o


==============================================================================

Image component sizes


      Code (inc. data)   RO Data    RW Data    ZI Data      Debug   Object Name

        56         20          0          8          0       2102   c_comminternal.o
      3424        292          0         32         32      23673   canopen_devicectrl.o
      5294        218          0          3        112      13682   canopen_home.o
      4904        270       3152          6        516      28978   canopen_odt.o
      1684        216          0          1        316      10362   canopen_pp.o
      5358        234          0         40        216      19920   canopen_pub.o
       756        116          0        104          0       3271   canopen_pv.o
       672        102          0       1721          0      25560   coeappl.o
      2288        148          0         40        536      11103   comm_modbus.o
      1508        160         56         18         60       8645   comm_modbusdrv.o
       504        128          0          6        160       3982   ecatappl.o
       126         26          0          4          0       2703   ecatcoe.o
       446         36          0         10          0       4510   ecathw.o
      3838        172          0         62          0      17752   ecatslv.o
       994         86          0       3264        808      20005   ecatuserappl.o
      1060        140          0         96         16       6911   ect_csp.o
       846         80         48         16         12       4792   ect_esmdisplay.o
       136         16          0          0          0       1884   ect_interface.o
       354         70          0          1          0       4111   ect_pp.o
      3060        208          0         16         40      10703   ect_probe.o
       920         62          0          0         40       4576   ect_pt.o
      1318         80          0         12         64       6287   func_adcdriver_st.o
         8          0          0          0          0       1741   func_ai.o
      1368        100          0          8         48       4273   func_aodriver_st.o
      1968         74          0        192          0       4732   func_comminterface.o
       568         52          0          0        124       4145   func_cspcmdbuffer.o
      2096        110          0         12        256       9146   func_curve.o
      4548        270         56         48        214      13823   func_dido.o
         0          0          0          8          0       7020   func_dmadriver.o
       216         16        750         60          0       2717   func_driverpara.o
       368         34          0          4         64      10191   func_elclabel.o
       934         74          0          8          0       4618   func_elegear.o
      2196        124       2048         84       8228       9248   func_fft.o
      1154         24         22          8          0       6551   func_filter.o
      1100         44          0         20         66       4655   func_fricidentify.o
       728         48      16384         16          0       2874   func_fsaspeedcmd.o
      1044         98          0         56         80       6900   func_fullcloseloop.o
      2552         88        269        208       4582      60004   func_funcode.o
       244         16      23388          0          0       8953   func_funcodedefault.o
      2680        116          0         60         84       9319   func_gainregindicatrix.o
      1632         74          0          8        176       4253   func_gainswitching.o
       256          6          0         16          0       6817   func_gpiodriver.o
      4076        194          0          4        208      10662   func_home.o
      2204        224          0         12        136      37746   func_i2cdriver_st.o
       176         12          0          8        128       3550   func_interfaceprocess.o
      1924         30          0         24         16       5835   func_lineinterplt.o
      3208        164          0         28          0       5650   func_modeselect.o
      2256        160          0         22        136       7435   func_monitor_dcbusvolt.o
      2392        170          0         48        280       8461   func_monitor_overloadprotect.o
         0          0        518          0          0       1536   func_monitor_overloadtable.o
       612         36          0         16          0       3511   func_monitor_phaselack.o
         0          0        192          0          0        913   func_monitor_temperatable.o
       568         62          0         12         48       3195   func_monitor_temperature.o
       348         48          0         32          0       2568   func_motoroverload.o
       572         48       4866        260          0       5410   func_motorpara.o
       324         14          0          4          0       4836   func_mtrinterface.o
      2520        104          0         24        408       6956   func_multiblockpos.o
      1268         40          0         16        208       4456   func_multiblockspeed.o
      1848        158          0         28       2740      10357   func_opereeprom.o
      3344        144        504         12      24688      10148   func_oscilloscope.o
      4292        260        144         56          0      19183   func_paneldisplay.o
      1292         22          0        288          0       5805   func_panelkey.o
      4760        230        100          0         30      21944   func_panelkeyfunarray.o
       340         10          0          0          0       4170   func_poscmdfilter.o
      4810        332          0         96       5540      15612   func_posctrl.o
      2608        126          0         24          0       5862   func_posfbcalc.o
      1444        152          0         80          0       8525   func_posregulator.o
       176         34          0         12          0       1496   func_pulse.o
       776         28        264          6          0       2040   func_rigidityleveltable.o
      3020         98          0          4          0       6270   func_servoerror.o
      4156        180          0         80         56      10709   func_servomonitor.o
      2828        206          0        112         80       8105   func_spdctrl.o
       960         62          0         16          0       5844   func_spidriver_st.o
      1828        102          0          0          0       5928   func_stopprocess.o
      2450        222          0         36        492      32479   func_system.o
       592        110          0          0          0       3073   func_toqctrl.o
      2780        148          0         28        848      11059   func_torqpitune.o
      1352         66        128          4          0       7132   func_virtualdido.o
       768         86          0          8        128       3907   func_xintposition.o
      1308         94          0         32        616       9763   mailbox.o
       132         16          0          0          0     318811   misc.o
       820         58          0         24          0       7114   mtr_absencangleinit.o
      4006        330        200         48        100      16105   mtr_absromoper.o
      4852        274          0        148         20      10433   mtr_angleinit.o
      8560        436          0        490        304      35674   mtr_fpgainterface.o
       180         46          0          0          0       3685   mtr_fpgasync.o
       248         24          0          0          0       2768   mtr_funcinterface.o
      3632        266          0         56        472      11907   mtr_getiqref.o
      1116         36         42          0          0       5173   mtr_global_filter.o
      1360          6          0         16          0       7676   mtr_gpiodriver_st.o
      3524        400          0         48          0      20765   mtr_hdh_absromoper.o
      1160         78          0         32        176       3896   mtr_inerfriciden.o
      2096        104          0         12        288       4422   mtr_inertiaidy.o
         0          0          0          0         64       1793   mtr_interfaceprocess.o
      3160        338          0         32          0      12858   mtr_nikon_absromoper.o
       200          4          0          0          0       1539   mtr_pdffctrl.o
      2008        284          0         12          0       5755   mtr_postfpgaerr.o
       448         76          0          8          0       1708   mtr_rdcoper.o
      2648        260          0         32        616       7927   mtr_spdregulator.o
      1714        132          0         12        288      28741   mtr_system.o
      2636        286        124         28        100      11860   mtr_tamagawa_absromoper.o
      2894         70         32         27        112      15353   objdef.o
      1086         78          0         20         64       8805   pub_main.o
       508         44          0          0          0       1757   pub_rccdriver.o
       112         10        514          0          0       4860   pub_table.o
      2352         60        112         56         14      20866   sdoserv.o
        80         32        392          0       6912        868   startup_stm32f4xx.o
       432         18          0          0          0       8443   stm32f4xx_adc.o
        72         18          0          0          0       1768   stm32f4xx_dbgmcu.o
       586        110          0          0          0       5153   stm32f4xx_dma.o
       176         18          0          0          0       2132   stm32f4xx_exti.o
       178          0          0          0          0       2403   stm32f4xx_gpio.o
       388          8          0          0          0       8282   stm32f4xx_i2c.o
       292         46          0         16          0       6073   stm32f4xx_rcc.o
        40          4          0          0          0        640   stm32f4xx_syscfg.o
       972         10          0          0          0      11567   stm32f4xx_tim.o
       412          4          0          0          0       6687   stm32f4xx_usart.o
       584         60          0          8          0       5494   stmecathw.o

    ----------------------------------------------------------------------
    191116      12468      54346       8880      63196    1371384   Object Totals
         0          0         32          0          0          0   (incl. Generated)
        66          0          9         47         30          0   (incl. Padding)

    ----------------------------------------------------------------------

      Code (inc. data)   RO Data    RW Data    ZI Data      Debug   Library Member Name

       100          0          0          0          0          0   __dclz77c.o
         8          0          0          0          0         68   __main.o
        52          8          0          0          0          0   __scatter.o
        28          0          0          0          0          0   __scatter_zi.o
        10          0          0          0          0         68   defsig_exit.o
        50          0          0          0          0         88   defsig_general.o
        80         58          0          0          0         76   defsig_rtmem_inner.o
        14          0          0          0          0         80   defsig_rtmem_outer.o
        12          0          0          0          0         72   exit.o
        94          0          0          0          0         80   h1_alloc.o
        52          0          0          0          0         68   h1_extend.o
        78          0          0          0          0         80   h1_free.o
        14          0          0          0          0         84   h1_init.o
         6          0          0          0          0        152   heapauxi.o
         4          0          0          0          0        136   hguard.o
         0          0          0          0          0          0   indicate_semi.o
       138          0          0          0          0        168   init_alloc.o
         6          0          0          0          0          0   libinit.o
        10          0          0          0          0          0   libinit2.o
         2          0          0          0          0          0   libshutdown.o
         2          0          0          0          0          0   libshutdown2.o
         8          4          0          0         96         68   libspace.o
        72          0          0          0          0         76   llsdiv.o
        38          0          0          0          0         68   llshl.o
       238          0          0          0          0        100   lludivv7m.o
         0          0          0          0          0          0   maybetermalloc1.o
         8          4          0          0          0         68   rt_fp_status_addr_intlibspace.o
         8          4          0          0          0         68   rt_heap_descriptor_intlibspace.o
        68          0          0          0          0         68   rt_memclr.o
        78          0          0          0          0         80   rt_memclr_w.o
       138          0          0          0          0         68   rt_memcpy_v6.o
       100          0          0          0          0         80   rt_memcpy_w.o
         0          0          0          0          0          0   rtentry.o
        12          0          0          0          0          0   rtentry2.o
         6          0          0          0          0          0   rtentry4.o
         2          0          0          0          0          0   rtexit.o
        10          0          0          0          0          0   rtexit2.o
        62          0          0          0          0         76   strlen.o
        12          4          0          0          0         68   sys_exit.o
        74          0          0          0          0         80   sys_stackheap_outer.o
        14          0          0          0          0         76   sys_wrch.o
         2          0          0          0          0         68   use_no_semi.o
        14          0          0          0          0         76   fpinit.o

    ----------------------------------------------------------------------
      1726         82          0          0        100       2408   Library Totals
         2          0          0          0          4          0   (incl. Padding)

    ----------------------------------------------------------------------

      Code (inc. data)   RO Data    RW Data    ZI Data      Debug   Library Name

      1710         82          0          0         96       2332   c_w.l
        14          0          0          0          0         76   fz_ws.l

    ----------------------------------------------------------------------
      1726         82          0          0        100       2408   Library Totals

    ----------------------------------------------------------------------

==============================================================================


      Code (inc. data)   RO Data    RW Data    ZI Data      Debug   

    192842      12550      54346       8880      63296    1337704   Grand Totals
    192842      12550      54346       2252      63296    1337704   ELF Image Totals (compressed)
    192842      12550      54346       2252          0          0   ROM Totals

==============================================================================

    Total RO  Size (Code + RO Data)               247188 ( 241.39kB)
    Total RW  Size (RW Data + ZI Data)             72176 (  70.48kB)
    Total ROM Size (Code + RO Data + RW Data)     249440 ( 243.59kB)

==============================================================================

